<html>
<body>
<pre>
<h1>µVision Build Log</h1>
<h2>Project:</h2>
C:\Users\Mun Chan\Desktop\445M Scratch\Lab 2 Scratch\2-25-2017\Lab2 Consumer PID and Interpreter works\RTOS.uvproj
Project File Date:  02/24/2017

<h2>Output:</h2>
Build target 'RTOS'
linking...
Program Size: Code=13656 RO-data=2324 RW-data=304 ZI-data=10792  
".\RTOS.axf" - 0 Error(s), 0 Warning(s).
Load "C:\\Users\\Mun Chan\\Desktop\\445M Scratch\\Lab 2 Scratch\\2-25-2017\\Lab2 Consumer PID and Interpreter works\\RTOS.axf" 
Connecting: Mode=JTAG, Speed=1000000Hz
Erase Done.
Programming Done.
Verify OK.
Load "C:\\Users\\Mun Chan\\Desktop\\445M Scratch\\Lab 2 Scratch\\2-25-2017\\Lab2 Consumer PID and Interpreter works\\RTOS.axf" 
Connecting: Mode=JTAG, Speed=1000000Hz
Erase Done.
Programming Done.
Verify OK.
1000000Hz
Connection failed!, error code=&d
Error: Flash Download failed  -  Target DLL has been cancelled
ce = userIn[4] - 48;
Interpreter.c: 3 warnings, 0 errors
compiling NumIn.c...
compiling ST7735.c...
ST7735.c(718): warning:  #177-D: variable "i" was declared but never referenced
        int i = 0;
ST7735.c: 1 warning, 0 errors
compiling ADC.c...
ADC.c(338): warning:  #1-D: last line of file ends without a newline
        }
ADC.c: 1 warning, 0 errors
assembling cr4_fft_64_stm32.s...
assembling PID_stm32.s...
compiling Timer0A.c...
Timer0A.c(60): warning:  #61-D: integer operation result is out of range
    NVIC_PRI4_R = (NVIC_PRI4_R&0x00FFFFFF)|(6<<29); // 8) priority 0
Timer0A.c(60): warning:  #68-D: integer conversion resulted in a change of sign
    NVIC_PRI4_R = (NVIC_PRI4_R&0x00FFFFFF)|(6<<29); // 8) priority 0
Timer0A.c(52): warning:  #177-D: variable "i" was declared but never referenced
        int i = 0;
Timer0A.c: 3 warnings, 0 errors
linking...
Program Size: Code=13656 RO-data=2324 RW-data=304 ZI-data=10792  
".\RTOS.axf" - 0 Error(s), 9 Warning(s).
Load "C:\\Users\\Mun Chan\\Desktop\\445M Scratch\\Lab 2 Scratch\\2-25-2017\\Lab2 Consumer PID and Interpreter works\\RTOS.axf" 
Connecting: Mode=JTAG, Speed=1000000Hz
Connection failed!, error code=&d
Error: Flash Download failed  -  Target DLL has been cancelled
Load "C:\\Users\\Mun Chan\\Desktop\\445M Scratch\\Lab 2 Scratch\\2-25-2017\\Lab2 Consumer PID and Interpreter works\\RTOS.axf" 
Connecting: Mode=JTAG, Speed=1000000Hz
Connection failed!, error code=&d
Error: Flash Download failed  -  Target DLL has been cancelled
