ARM Linker, 5.03 [Build 76] [MDK-ARM Lite]

==============================================================================

Section Cross References

    startup.o(STACK) refers (Special) to heapauxi.o(.text) for __use_two_region_memory
    startup.o(HEAP) refers (Special) to heapauxi.o(.text) for __use_two_region_memory
    startup.o(RESET) refers (Special) to heapauxi.o(.text) for __use_two_region_memory
    startup.o(RESET) refers to startup.o(STACK) for StackMem
    startup.o(RESET) refers to osasm.o(.text) for SysTick_Handler
    startup.o(RESET) refers to uart.o(i.UART0_Handler) for UART0_Handler
    startup.o(RESET) refers to adc.o(i.ADC0Seq3_Handler) for ADC0Seq3_Handler
    startup.o(RESET) refers to timer0a.o(i.Timer0A_Handler) for Timer0A_Handler
    startup.o(RESET) refers to os.o(i.GPIOPortF_Handler) for GPIOPortF_Handler
    startup.o(RESET) refers to timer4a.o(i.Timer4A_Handler) for Timer4A_Handler
    startup.o(RESET) refers to __main.o(!!!main) for __main
    startup.o(.text) refers (Special) to heapauxi.o(.text) for __use_two_region_memory
    startup.o(.text) refers to startup.o(HEAP) for HeapMem
    startup.o(.text) refers to startup.o(STACK) for StackMem
    osasm.o(.text) refers to os.o(i.Scheduler) for Scheduler
    osasm.o(.text) refers to os.o(.data) for RunPt
    os.o(i.GPIOPortF_Handler) refers to os.o(.data) for sw1task
    os.o(i.OS_AddPeriodicThread) refers to timer4a.o(i.Timer4A_Init) for Timer4A_Init
    os.o(i.OS_AddSW1Task) refers to os.o(.data) for FallingEdges
    os.o(i.OS_AddThread) refers to startup.o(.text) for StartCritical
    os.o(i.OS_AddThread) refers to os.o(i.OS_AddThreadToDead) for OS_AddThreadToDead
    os.o(i.OS_AddThread) refers to os.o(i.SetInitialStack) for SetInitialStack
    os.o(i.OS_AddThread) refers to os.o(.data) for numOfThreads
    os.o(i.OS_AddThread) refers to os.o(.bss) for tcbs
    os.o(i.OS_AddThreadToDead) refers to os.o(.data) for deadThreads
    os.o(i.OS_AddThreadToDead) refers to os.o(.bss) for threadCemetary
    os.o(i.OS_ClearMsTime) refers to timer4a.o(i.Timer4A_ResetCount) for Timer4A_ResetCount
    os.o(i.OS_Fifo_Get) refers to os.o(i.OS_Wait) for OS_Wait
    os.o(i.OS_Fifo_Get) refers to os.o(.data) for CurrentSize
    os.o(i.OS_Fifo_Get) refers to os.o(.bss) for Fifo
    os.o(i.OS_Fifo_Init) refers to os.o(i.OS_InitSemaphore) for OS_InitSemaphore
    os.o(i.OS_Fifo_Init) refers to os.o(.data) for GetI
    os.o(i.OS_Fifo_Put) refers to os.o(i.OS_Signal) for OS_Signal
    os.o(i.OS_Fifo_Put) refers to os.o(.data) for CurrentSize
    os.o(i.OS_Fifo_Put) refers to os.o(.bss) for Fifo
    os.o(i.OS_Fifo_Size) refers to os.o(.data) for CurrentSize
    os.o(i.OS_Id) refers to os.o(.data) for RunPt
    os.o(i.OS_Init) refers to osasm.o(.text) for OS_DisableInterrupts
    os.o(i.OS_Init) refers to pll.o(i.PLL_Init) for PLL_Init
    os.o(i.OS_Init) refers to uart.o(i.UART_Init) for UART_Init
    os.o(i.OS_Init) refers to st7735.o(i.ST7735_InitScreens) for ST7735_InitScreens
    os.o(i.OS_Init) refers to timer0a.o(i.Timer0A_Init) for Timer0A_Init
    os.o(i.OS_Init) refers to os.o(i.OS_Fifo_Init) for OS_Fifo_Init
    os.o(i.OS_Init) refers to os.o(i.OS_MailBox_Init) for OS_MailBox_Init
    os.o(i.OS_Kill) refers to osasm.o(.text) for OS_DisableInterrupts
    os.o(i.OS_Kill) refers to os.o(i.OS_Suspend) for OS_Suspend
    os.o(i.OS_Kill) refers to os.o(.data) for RunPt
    os.o(i.OS_Kill) refers to os.o(.bss) for threadCemetary
    os.o(i.OS_Launch) refers to osasm.o(.text) for StartOS
    os.o(i.OS_MailBox_Init) refers to os.o(i.OS_InitSemaphore) for OS_InitSemaphore
    os.o(i.OS_MailBox_Init) refers to os.o(.data) for DataValid
    os.o(i.OS_MailBox_Recv) refers to os.o(i.OS_bWait) for OS_bWait
    os.o(i.OS_MailBox_Recv) refers to os.o(i.OS_bSignal) for OS_bSignal
    os.o(i.OS_MailBox_Recv) refers to os.o(.data) for DataValid
    os.o(i.OS_MailBox_Send) refers to os.o(i.OS_bWait) for OS_bWait
    os.o(i.OS_MailBox_Send) refers to os.o(i.OS_bSignal) for OS_bSignal
    os.o(i.OS_MailBox_Send) refers to os.o(.data) for BoxFree
    os.o(i.OS_MsTime) refers to timer4a.o(i.Timer4A_ReturnCount) for Timer4A_ReturnCount
    os.o(i.OS_Signal) refers to osasm.o(.text) for OS_DisableInterrupts
    os.o(i.OS_Sleep) refers to timer0a.o(i.Timer0A_GetSystemTime) for Timer0A_GetSystemTime
    os.o(i.OS_Sleep) refers to os.o(i.OS_Suspend) for OS_Suspend
    os.o(i.OS_Sleep) refers to os.o(.data) for RunPt
    os.o(i.OS_Time) refers to timer0a.o(i.Timer0A_GetSystemTime) for Timer0A_GetSystemTime
    os.o(i.OS_Time) refers to dflt_clz.o(x$fpl$dfltu) for __aeabi_ui2d
    os.o(i.OS_Time) refers to dmul.o(x$fpl$dmul) for __aeabi_dmul
    os.o(i.OS_Time) refers to dfixu.o(x$fpl$dfixu) for __aeabi_d2uiz
    os.o(i.OS_Wait) refers to osasm.o(.text) for OS_DisableInterrupts
    os.o(i.OS_bSignal) refers to osasm.o(.text) for OS_DisableInterrupts
[...]
    ../clib/signal.c                         0x00000000   Number         0  defsig_exit.o ABSOLUTE
    ../clib/signal.c                         0x00000000   Number         0  defsig_fpe_inner.o ABSOLUTE
    ../clib/signal.c                         0x00000000   Number         0  defsig_rtred_inner.o ABSOLUTE
    ../clib/signal.c                         0x00000000   Number         0  defsig_abrt_inner.o ABSOLUTE
    ../clib/signal.c                         0x00000000   Number         0  defsig_stak_inner.o ABSOLUTE
    ../clib/signal.c                         0x00000000   Number         0  defsig_pvfn_inner.o ABSOLUTE
    ../clib/signal.c                         0x00000000   Number         0  defsig_cppl_inner.o ABSOLUTE
    ../clib/signal.c                         0x00000000   Number         0  defsig_general.o ABSOLUTE
    ../clib/signal.c                         0x00000000   Number         0  __raise.o ABSOLUTE
    ../clib/signal.c                         0x00000000   Number         0  defsig_rtmem_inner.o ABSOLUTE
    ../clib/signal.c                         0x00000000   Number         0  defsig_segv_inner.o ABSOLUTE
    ../clib/signal.c                         0x00000000   Number         0  defsig_other.o ABSOLUTE
    ../clib/signal.c                         0x00000000   Number         0  defsig_rtmem_formal.o ABSOLUTE
    ../clib/signal.s                         0x00000000   Number         0  defsig.o ABSOLUTE
    ../clib/stdlib.c                         0x00000000   Number         0  exit.o ABSOLUTE
    ../clib/string.c                         0x00000000   Number         0  strncmp.o ABSOLUTE
    ../fplib/ddiv.s                          0x00000000   Number         0  ddiv.o ABSOLUTE
    ../fplib/dfixu.s                         0x00000000   Number         0  dfixu.o ABSOLUTE
    ../fplib/dflt.s                          0x00000000   Number         0  dflt_clz.o ABSOLUTE
    ../fplib/dmul.s                          0x00000000   Number         0  dmul.o ABSOLUTE
    ../fplib/dnaninf.s                       0x00000000   Number         0  dnaninf.o ABSOLUTE
    ../fplib/dretinf.s                       0x00000000   Number         0  dretinf.o ABSOLUTE
    ../fplib/fpinit.s                        0x00000000   Number         0  fpinit.o ABSOLUTE
    ../fplib/usenofp.s                       0x00000000   Number         0  usenofp.o ABSOLUTE
    ADC.c                                    0x00000000   Number         0  adc.o ABSOLUTE
    Interpreter.c                            0x00000000   Number         0  interpreter.o ABSOLUTE
    Lab2.c                                   0x00000000   Number         0  lab2.o ABSOLUTE
    NumIn.c                                  0x00000000   Number         0  numin.o ABSOLUTE
    PID_stm32.s                              0x00000000   Number         0  pid_stm32.o ABSOLUTE
    PLL.c                                    0x00000000   Number         0  pll.o ABSOLUTE
    ST7735.c                                 0x00000000   Number         0  st7735.o ABSOLUTE
    Timer0A.c                                0x00000000   Number         0  timer0a.o ABSOLUTE
    Timer4A.c                                0x00000000   Number         0  timer4a.o ABSOLUTE
    UART.c                                   0x00000000   Number         0  uart.o ABSOLUTE
    cr4_fft_64_stm32.s                       0x00000000   Number         0  cr4_fft_64_stm32.o ABSOLUTE
    dc.s                                     0x00000000   Number         0  dc.o ABSOLUTE
    os.c                                     0x00000000   Number         0  os.o ABSOLUTE
    osasm.s                                  0x00000000   Number         0  osasm.o ABSOLUTE
    startup.s                                0x00000000   Number         0  startup.o ABSOLUTE
    !!!main                                  0x00000284   Section        8  __main.o(!!!main)
    !!!scatter                               0x0000028c   Section       52  __scatter.o(!!!scatter)
    !!dczerorl                               0x000002c0   Section       58  __dczerorl.o(!!dczerorl)
    !!handler_zi                             0x000002fc   Section       28  __scatter_zi.o(!!handler_zi)
    .ARM.Collect$$libinit$$00000000          0x00000318   Section        2  libinit.o(.ARM.Collect$$libinit$$00000000)
    .ARM.Collect$$libinit$$00000002          0x0000031a   Section        0  libinit2.o(.ARM.Collect$$libinit$$00000002)
    .ARM.Collect$$libinit$$00000008          0x0000031a   Section        0  libinit2.o(.ARM.Collect$$libinit$$00000008)
    .ARM.Collect$$libinit$$0000000A          0x0000031a   Section        0  libinit2.o(.ARM.Collect$$libinit$$0000000A)
    .ARM.Collect$$libinit$$0000000C          0x0000031a   Section        0  libinit2.o(.ARM.Collect$$libinit$$0000000C)
    .ARM.Collect$$libinit$$0000000D          0x0000031a   Section        6  libinit2.o(.ARM.Collect$$libinit$$0000000D)
    .ARM.Collect$$libinit$$0000000F          0x00000320   Section        0  libinit2.o(.ARM.Collect$$libinit$$0000000F)
    .ARM.Collect$$libinit$$00000010          0x00000320   Section       12  libinit2.o(.ARM.Collect$$libinit$$00000010)
    .ARM.Collect$$libinit$$00000011          0x0000032c   Section        0  libinit2.o(.ARM.Collect$$libinit$$00000011)
    .ARM.Collect$$libinit$$00000013          0x0000032c   Section        0  libinit2.o(.ARM.Collect$$libinit$$00000013)
    .ARM.Collect$$libinit$$00000015          0x0000032c   Section        0  libinit2.o(.ARM.Collect$$libinit$$00000015)
    .ARM.Collect$$libinit$$00000017          0x0000032c   Section        0  libinit2.o(.ARM.Collect$$libinit$$00000017)
    .ARM.Collect$$libinit$$00000019          0x0000032c   Section        0  libinit2.o(.ARM.Collect$$libinit$$00000019)
    .ARM.Collect$$libinit$$0000001B          0x0000032c   Section        0  libinit2.o(.ARM.Collect$$libinit$$0000001B)
    .ARM.Collect$$libinit$$0000001D          0x0000032c   Section        0  libinit2.o(.ARM.Collect$$libinit$$0000001D)
    .ARM.Collect$$libinit$$0000001F          0x0000032c   Section        0  libinit2.o(.ARM.Collect$$libinit$$0000001F)
    .ARM.Collect$$libinit$$00000021          0x0000032c   Section        0  libinit2.o(.ARM.Collect$$libinit$$00000021)
    .ARM.Collect$$libinit$$00000023          0x0000032c   Section        0  libinit2.o(.ARM.Collect$$libinit$$00000023)
    .ARM.Collect$$libinit$$0000002A          0x0000032c   Section        0  libinit2.o(.ARM.Collect$$libinit$$0000002A)
    .ARM.Collect$$libinit$$0000002C          0x0000032c   Section        0  libinit2.o(.ARM.Collect$$libinit$$0000002C)
    .ARM.Collect$$libinit$$0000002E          0x0000032c   Section        0  libinit2.o(.ARM.Collect$$libinit$$0000002E)
    .ARM.Collect$$libinit$$00000030          0x0000032c   Section        0  libinit2.o(.ARM.Collect$$libinit$$00000030)
    .ARM.Collect$$libinit$$00000031          0x0000032c   Section        2  libinit2.o(.ARM.Collect$$libinit$$00000031)
    .ARM.Collect$$libshutdown$$00000000      0x0000032e   Section        2  libshutdown.o(.ARM.Collect$$libshutdown$$00000000)
    .ARM.Collect$$libshutdown$$00000003      0x00000330   Section        0  libshutdown2.o(.ARM.Collect$$libshutdown$$00000003)
    .ARM.Collect$$libshutdown$$00000006      0x00000330   Section        0  libshutdown2.o(.ARM.Collect$$libshutdown$$00000006)
    .ARM.Collect$$libshutdown$$00000009      0x00000330   Section        0  libshutdown2.o(.ARM.Collect$$libshutdown$$00000009)
    .ARM.Collect$$libshutdown$$0000000B      0x00000330   Section        0  libshutdown2.o(.ARM.Collect$$libshutdown$$0000000B)
    .ARM.Collect$$libshutdown$$0000000E      0x00000330   Section        0  libshutdown2.o(.ARM.Collect$$libshutdown$$0000000E)
    .ARM.Collect$$libshutdown$$0000000F      0x00000330   Section        2  libshutdown2.o(.ARM.Collect$$libshutdown$$0000000F)
    .ARM.Collect$$rtentry$$00000000          0x00000332   Section        0  rtentry.o(.ARM.Collect$$rtentry$$00000000)
    .ARM.Collect$$rtentry$$00000002          0x00000332   Section        0  rtentry2.o(.ARM.Collect$$rtentry$$00000002)
    .ARM.Collect$$rtentry$$00000004          0x00000332   Section        6  rtentry4.o(.ARM.Collect$$rtentry$$00000004)
    .ARM.Collect$$rtentry$$00000009          0x00000338   Section        0  rtentry2.o(.ARM.Collect$$rtentry$$00000009)
    .ARM.Collect$$rtentry$$0000000A          0x00000338   Section        4  rtentry2.o(.ARM.Collect$$rtentry$$0000000A)
    .ARM.Collect$$rtentry$$0000000C          0x0000033c   Section        0  rtentry2.o(.ARM.Collect$$rtentry$$0000000C)
    .ARM.Collect$$rtentry$$0000000D          0x0000033c   Section        8  rtentry2.o(.ARM.Collect$$rtentry$$0000000D)
    .ARM.Collect$$rtexit$$00000000           0x00000344   Section        2  rtexit.o(.ARM.Collect$$rtexit$$00000000)
    .ARM.Collect$$rtexit$$00000002           0x00000346   Section        0  rtexit2.o(.ARM.Collect$$rtexit$$00000002)
    .ARM.Collect$$rtexit$$00000003           0x00000346   Section        4  rtexit2.o(.ARM.Collect$$rtexit$$00000003)
    .ARM.Collect$$rtexit$$00000004           0x0000034a   Section        6  rtexit2.o(.ARM.Collect$$rtexit$$00000004)
    .text                                    0x00000350   Section       48  startup.o(.text)
    .text                                    0x00000380   Section       84  osasm.o(.text)
    .text                                    0x000003d4   Section      718  cr4_fft_64_stm32.o(.text)
    .text                                    0x000006a4   Section       72  pid_stm32.o(.text)
    .text                                    0x000006ec   Section        0  atoi.o(.text)
    .text                                    0x00000706   Section        0  strncmp.o(.text)
    .text                                    0x0000079c   Section       78  rt_memclr_w.o(.text)
    .text                                    0x000007ea   Section        0  heapauxi.o(.text)
    .text                                    0x000007f0   Section        8  rt_errno_addr_intlibspace.o(.text)
    .text                                    0x000007f8   Section        0  strtol.o(.text)
    .text                                    0x00000868   Section        8  libspace.o(.text)
    .text                                    0x00000870   Section       16  rt_ctype_table.o(.text)
    .text                                    0x00000880   Section        0  _strtoul.o(.text)
    .text                                    0x0000091e   Section       74  sys_stackheap_outer.o(.text)
    .text                                    0x00000968   Section        8  rt_locale_intlibspace.o(.text)
    .text                                    0x00000970   Section        0  _chval.o(.text)
    .text                                    0x0000098c   Section        0  exit.o(.text)
    .text                                    0x00000998   Section      128  strcmpv7m.o(.text)
    .text                                    0x00000a18   Section        0  sys_exit.o(.text)
    .text                                    0x00000a24   Section        2  use_no_semi.o(.text)
    .text                                    0x00000a26   Section        0  indicate_semi.o(.text)
    i.ADC0Seq3_Handler                       0x00000a28   Section        0  adc.o(i.ADC0Seq3_Handler)
    i.ADC_Collect                            0x00000a54   Section        0  adc.o(i.ADC_Collect)
    i.ADC_Collect_Init                       0x00000a70   Section        0  adc.o(i.ADC_Collect_Init)
    i.ADC_GetOne                             0x00000eac   Section        0  adc.o(i.ADC_GetOne)
    i.ADC_In                                 0x00000ed8   Section        0  adc.o(i.ADC_In)
    i.ADC_Init                               0x00000ee0   Section        0  adc.o(i.ADC_Init)
    i.ButtonWork                             0x000012d0   Section        0  lab2.o(i.ButtonWork)
    i.CLR_Commands                           0x00001394   Section        0  interpreter.o(i.CLR_Commands)
    i.Consumer                               0x000013a0   Section        0  lab2.o(i.Consumer)
    i.DAS                                    0x00001440   Section        0  lab2.o(i.DAS)
    i.Delay1ms                               0x00001508   Section        0  st7735.o(i.Delay1ms)
    i.Display                                0x00001528   Section        0  lab2.o(i.Display)
    i.Filter                                 0x00001590   Section        0  lab2.o(i.Filter)
    i.GPIOPortF_Handler                      0x00001658   Section        0  os.o(i.GPIOPortF_Handler)
    i.Interpreter                            0x00001670   Section        0  lab2.o(i.Interpreter)
    i.Interpreter_Run                        0x00001678   Section        0  interpreter.o(i.Interpreter_Run)
    i.LCD_Commands                           0x000017cc   Section        0  interpreter.o(i.LCD_Commands)
    i.NumIn                                  0x00001808   Section        0  numin.o(i.NumIn)
    i.NumIn_Add                              0x00001880   Section        0  numin.o(i.NumIn_Add)
    i.NumIn_Div                              0x00001894   Section        0  numin.o(i.NumIn_Div)
    i.NumIn_Mult                             0x000018ac   Section        0  numin.o(i.NumIn_Mult)
    i.NumIn_Sub                              0x000018c0   Section        0  numin.o(i.NumIn_Sub)
    i.OS_AddPeriodicThread                   0x000018d4   Section        0  os.o(i.OS_AddPeriodicThread)
    i.OS_AddSW1Task                          0x000018ec   Section        0  os.o(i.OS_AddSW1Task)
    i.OS_AddThread                           0x000019cc   Section        0  os.o(i.OS_AddThread)
    i.OS_AddThreadToDead                     0x00001b04   Section        0  os.o(i.OS_AddThreadToDead)
    i.OS_ClearMsTime                         0x00001b9c   Section        0  os.o(i.OS_ClearMsTime)
    i.OS_Fifo_Get                            0x00001ba4   Section        0  os.o(i.OS_Fifo_Get)
    i.OS_Fifo_Init                           0x00001bd4   Section        0  os.o(i.OS_Fifo_Init)
    i.OS_Fifo_Put                            0x00001c04   Section        0  os.o(i.OS_Fifo_Put)
    i.OS_Id                                  0x00001c50   Section        0  os.o(i.OS_Id)
    i.OS_Init                                0x00001c5c   Section        0  os.o(i.OS_Init)
    i.OS_InitSemaphore                       0x00001ca4   Section        0  os.o(i.OS_InitSemaphore)
    i.OS_Kill                                0x00001ca8   Section        0  os.o(i.OS_Kill)
    i.OS_Launch                              0x00001d48   Section        0  os.o(i.OS_Launch)
    i.OS_MailBox_Init                        0x00001d60   Section        0  os.o(i.OS_MailBox_Init)
    i.OS_MailBox_Recv                        0x00001d7c   Section        0  os.o(i.OS_MailBox_Recv)
    i.OS_MailBox_Send                        0x00001da0   Section        0  os.o(i.OS_MailBox_Send)
    i.OS_MsTime                              0x00001dc4   Section        0  os.o(i.OS_MsTime)
    i.OS_Signal                              0x00001dd0   Section        0  os.o(i.OS_Signal)
    i.OS_Sleep                               0x00001de4   Section        0  os.o(i.OS_Sleep)
    i.OS_Suspend                             0x00001e04   Section        0  os.o(i.OS_Suspend)
    i.OS_Time                                0x00001e1c   Section        0  os.o(i.OS_Time)
    i.OS_TimeDifference                      0x00001e44   Section        0  os.o(i.OS_TimeDifference)
    i.OS_Wait                                0x00001e4a   Section        0  os.o(i.OS_Wait)
    i.OS_bSignal                             0x00001e6e   Section        0  os.o(i.OS_bSignal)
    i.OS_bWait                               0x00001e80   Section        0  os.o(i.OS_bWait)
    i.OutCRLF                                0x00001ea2   Section        0  interpreter.o(i.OutCRLF)
    i.PID                                    0x00001eb4   Section        0  lab2.o(i.PID)
    i.PLL_Init                               0x00001f30   Section        0  pll.o(i.PLL_Init)
    i.PortE_Init                             0x00001fac   Section        0  lab2.o(i.PortE_Init)
    i.Producer                               0x00002008   Section        0  lab2.o(i.Producer)
    i.RxFifo_Get                             0x0000203c   Section        0  uart.o(i.RxFifo_Get)
    i.RxFifo_Init                            0x00002078   Section        0  uart.o(i.RxFifo_Init)
    i.RxFifo_Put                             0x0000209c   Section        0  uart.o(i.RxFifo_Put)
    i.RxFifo_Size                            0x000020d8   Section        0  uart.o(i.RxFifo_Size)
    i.ST7735_DrawCharS                       0x000020f0   Section        0  st7735.o(i.ST7735_DrawCharS)
    i.ST7735_DrawPixel                       0x000021e4   Section        0  st7735.o(i.ST7735_DrawPixel)
    i.ST7735_DrawString                      0x0000222c   Section        0  st7735.o(i.ST7735_DrawString)
    i.ST7735_FillRect                        0x00002284   Section        0  st7735.o(i.ST7735_FillRect)
    i.ST7735_FillScreen                      0x00002330   Section        0  st7735.o(i.ST7735_FillScreen)
    i.ST7735_InitR                           0x00002354   Section        0  st7735.o(i.ST7735_InitR)
    i.ST7735_InitScreens                     0x000023d0   Section        0  st7735.o(i.ST7735_InitScreens)
    i.ST7735_Message                         0x000023f4   Section        0  st7735.o(i.ST7735_Message)
    i.ST7735_OutChar                         0x00002438   Section        0  st7735.o(i.ST7735_OutChar)
    i.ST7735_OutString                       0x0000250c   Section        0  st7735.o(i.ST7735_OutString)
    i.ST7735_OutUDec                         0x00002524   Section        0  st7735.o(i.ST7735_OutUDec)
    i.ST7735_SetCursor                       0x000025b0   Section        0  st7735.o(i.ST7735_SetCursor)
    i.SW1Push                                0x000025d0   Section        0  lab2.o(i.SW1Push)
    i.Scheduler                              0x00002600   Section        0  os.o(i.Scheduler)
    i.SetInitialStack                        0x00002678   Section        0  os.o(i.SetInitialStack)
    i.T4_Commands                            0x000027c8   Section        0  interpreter.o(i.T4_Commands)
    i.Timer0A_GetSystemTime                  0x000027cc   Section        0  timer0a.o(i.Timer0A_GetSystemTime)
    i.Timer0A_Handler                        0x000027d8   Section        0  timer0a.o(i.Timer0A_Handler)
    i.Timer0A_Init                           0x000027f4   Section        0  timer0a.o(i.Timer0A_Init)
    i.Timer4A_Handler                        0x00002860   Section        0  timer4a.o(i.Timer4A_Handler)
    i.Timer4A_Init                           0x00002888   Section        0  timer4a.o(i.Timer4A_Init)
    i.Timer4A_ResetCount                     0x0000292c   Section        0  timer4a.o(i.Timer4A_ResetCount)
    i.Timer4A_ReturnCount                    0x00002938   Section        0  timer4a.o(i.Timer4A_ReturnCount)
    i.TxFifo_Get                             0x00002944   Section        0  uart.o(i.TxFifo_Get)
    i.TxFifo_Init                            0x00002980   Section        0  uart.o(i.TxFifo_Init)
    i.TxFifo_Put                             0x000029a4   Section        0  uart.o(i.TxFifo_Put)
    i.TxFifo_Size                            0x000029e0   Section        0  uart.o(i.TxFifo_Size)
    i.UART0_Handler                          0x000029f8   Section        0  uart.o(i.UART0_Handler)
    i.UART_InChar                            0x00002a50   Section        0  uart.o(i.UART_InChar)
    i.UART_InString                          0x00002a64   Section        0  uart.o(i.UART_InString)
    i.UART_Init                              0x00002aac   Section        0  uart.o(i.UART_Init)
    i.UART_OutChar                           0x00002b74   Section        0  uart.o(i.UART_OutChar)
    i.UART_OutString                         0x00002ba8   Section        0  uart.o(i.UART_OutString)
    i.UART_OutUDec                           0x00002bc0   Section        0  uart.o(i.UART_OutUDec)
    i.commandList                            0x00002bea   Section        0  st7735.o(i.commandList)
    commandList                              0x00002beb   Thumb Code    86  st7735.o(i.commandList)
    i.commonInit                             0x00002c40   Section        0  st7735.o(i.commonInit)
    commonInit                               0x00002c41   Thumb Code   330  st7735.o(i.commonInit)
    i.convToInt                              0x00002db8   Section        0  numin.o(i.convToInt)
    i.copyHardwareToSoftware                 0x00002ddc   Section        0  uart.o(i.copyHardwareToSoftware)
    copyHardwareToSoftware                   0x00002ddd   Thumb Code    36  uart.o(i.copyHardwareToSoftware)
    i.copySoftwareToHardware                 0x00002e04   Section        0  uart.o(i.copySoftwareToHardware)
    copySoftwareToHardware                   0x00002e05   Thumb Code    38  uart.o(i.copySoftwareToHardware)
    i.fillmessage                            0x00002e30   Section        0  st7735.o(i.fillmessage)
    i.main                                   0x00002e78   Section        0  lab2.o(i.main)
    i.pushColor                              0x00002f28   Section        0  st7735.o(i.pushColor)
    pushColor                                0x00002f29   Thumb Code    18  st7735.o(i.pushColor)
    i.setAddrWindow                          0x00002f3c   Section        0  st7735.o(i.setAddrWindow)
    setAddrWindow                            0x00002f3d   Thumb Code   106  st7735.o(i.setAddrWindow)
    i.writecommand                           0x00002fb0   Section        0  st7735.o(i.writecommand)
    writecommand                             0x00002fb1   Thumb Code    40  st7735.o(i.writecommand)
    i.writedata                              0x00002fe0   Section        0  st7735.o(i.writedata)
    writedata                                0x00002fe1   Thumb Code    24  st7735.o(i.writedata)
    locale$$code                             0x00003000   Section       44  lc_ctype_c.o(locale$$code)
    x$fpl$ddiv                               0x0000302c   Section      688  ddiv.o(x$fpl$ddiv)
    ddiv_entry                               0x00003033   Thumb Code     0  ddiv.o(x$fpl$ddiv)
    x$fpl$dfixu                              0x000032dc   Section       90  dfixu.o(x$fpl$dfixu)
    x$fpl$dfltu                              0x00003336   Section       38  dflt_clz.o(x$fpl$dfltu)
    x$fpl$dmul                               0x0000335c   Section      340  dmul.o(x$fpl$dmul)
    x$fpl$dnaninf                            0x000034b0   Section      156  dnaninf.o(x$fpl$dnaninf)
    x$fpl$dretinf                            0x0000354c   Section       12  dretinf.o(x$fpl$dretinf)
    .constdata                               0x00003558   Section     2018  st7735.o(.constdata)
    x$fpl$usenofp                            0x00003558   Section        0  usenofp.o(x$fpl$usenofp)
    Font                                     0x00003558   Data        1275  st7735.o(.constdata)
    Bcmd                                     0x00003a53   Data         103  st7735.o(.constdata)
    Rcmd1                                    0x00003aba   Data          59  st7735.o(.constdata)
    Rcmd2green                               0x00003af5   Data          13  st7735.o(.constdata)
    Rcmd2red                                 0x00003b02   Data          13  st7735.o(.constdata)
    Rcmd3                                    0x00003b0f   Data          43  st7735.o(.constdata)
    locale$$data                             0x00003d5c   Section      272  lc_ctype_c.o(locale$$data)
    __lcctype_c_name                         0x00003d60   Data           2  lc_ctype_c.o(locale$$data)
    __lcctype_c_start                        0x00003d68   Data           0  lc_ctype_c.o(locale$$data)
    __lcctype_c_end                          0x00003e6c   Data           0  lc_ctype_c.o(locale$$data)
    .data                                    0x20000000   Section       60  os.o(.data)
    .data                                    0x2000003c   Section      108  lab2.o(.data)
    n                                        0x20000040   Data           4  lab2.o(.data)
    LastTime                                 0x20000044   Data           4  lab2.o(.data)
    i                                        0x20000048   Data           4  lab2.o(.data)
    .data                                    0x200000a8   Section        8  timer4a.o(.data)
    .data                                    0x200000b0   Section       16  uart.o(.data)
    .data                                    0x200000c0   Section       36  interpreter.o(.data)
    .data                                    0x200000e4   Section       16  numin.o(.data)
    .data                                    0x200000f4   Section       48  st7735.o(.data)
    _width                                   0x200000fe   Data           2  st7735.o(.data)
    _height                                  0x20000100   Data           2  st7735.o(.data)
    ColStart                                 0x20000108   Data           1  st7735.o(.data)
    RowStart                                 0x20000109   Data           1  st7735.o(.data)
    Rotation                                 0x2000010a   Data           1  st7735.o(.data)
    TabColor                                 0x2000010b   Data           1  st7735.o(.data)
    .data                                    0x20000124   Section        8  adc.o(.data)
    .data                                    0x2000012c   Section        4  timer0a.o(.data)
    .bss                                     0x20000130   Section     8788  os.o(.bss)
    Fifo                                     0x20002304   Data         128  os.o(.bss)
    .bss                                     0x20002384   Section      816  lab2.o(.bss)
    x                                        0x20002484   Data          24  lab2.o(.bss)
    y                                        0x2000249c   Data          24  lab2.o(.bss)
    .bss                                     0x200026b4   Section       32  uart.o(.bss)
    RxFifo                                   0x200026b4   Data          16  uart.o(.bss)
    TxFifo                                   0x200026c4   Data          16  uart.o(.bss)
    .bss                                     0x200026d4   Section       20  interpreter.o(.bss)
    .bss                                     0x200026e8   Section       12  st7735.o(.bss)
    .bss                                     0x200026f4   Section       96  libspace.o(.bss)
    HEAP                                     0x20002758   Section        0  startup.o(HEAP)
    STACK                                    0x20002758   Section     1024  startup.o(STACK)
    HeapMem                                  0x20002758   Data           0  startup.o(HEAP)
    StackMem                                 0x20002758   Data           0  startup.o(STACK)

    Global Symbols

    Symbol Name                              Value     Ov Type        Size  Object(Section)

    BuildAttributes$$THM_ISAv4$E$P$D$K$B$S$7EM$PE$A:L22UL41UL21$X:L11$S22US41US21$IEEE1$IW$USESV6$~STKCKD$USESV7$~SHL$OSPACE$ROPI$EBA8$UX$STANDARDLIB$REQ8$PRES8$EABIv2 0x00000000   Number         0  anon$$obj.o ABSOLUTE
    __ARM_use_no_argv                        0x00000000   Number         0  lab2.o ABSOLUTE
    __Vectors                                0x00000000   Data           0  startup.o(RESET)
    __ARM_exceptions_init                     - Undefined Weak Reference
    __alloca_initialize                       - Undefined Weak Reference
    __cpp_initialize__aeabi_                  - Undefined Weak Reference
    __cxa_finalize                            - Undefined Weak Reference
    __sigvec_lookup                           - Undefined Weak Reference
    _atexit_init                              - Undefined Weak Reference
    _call_atexit_fns                          - Undefined Weak Reference
    _clock_init                               - Undefined Weak Reference
    _fp_trap_init                             - Undefined Weak Reference
    _fp_trap_shutdown                         - Undefined Weak Reference
    _get_lc_collate                           - Undefined Weak Reference
    _get_lc_monetary                          - Undefined Weak Reference
    _get_lc_numeric                           - Undefined Weak Reference
    _get_lc_time                              - Undefined Weak Reference
    _getenv_init                              - Undefined Weak Reference
    _handle_redirection                       - Undefined Weak Reference
    _init_alloc                               - Undefined Weak Reference
    _init_user_alloc                          - Undefined Weak Reference
    _initio                                   - Undefined Weak Reference
    _rand_init                                - Undefined Weak Reference
    _signal_finish                            - Undefined Weak Reference
    _signal_init                              - Undefined Weak Reference
    _terminate_alloc                          - Undefined Weak Reference
    _terminate_user_alloc                     - Undefined Weak Reference
    _terminateio                              - Undefined Weak Reference
    Reset_Handler                            0x0000026d   Thumb Code     0  startup.o(RESET)
    NMI_Handler                              0x00000271   Thumb Code     2  startup.o(RESET)
    HardFault_Handler                        0x00000273   Thumb Code     2  startup.o(RESET)
    MemManage_Handler                        0x00000275   Thumb Code     2  startup.o(RESET)
    BusFault_Handler                         0x00000277   Thumb Code     2  startup.o(RESET)
    UsageFault_Handler                       0x00000279   Thumb Code     2  startup.o(RESET)
    SVC_Handler                              0x0000027b   Thumb Code     2  startup.o(RESET)
    DebugMon_Handler                         0x0000027d   Thumb Code     2  startup.o(RESET)
    PendSV_Handler                           0x0000027f   Thumb Code     2  startup.o(RESET)
    ADC0Seq0_Handler                         0x00000283   Thumb Code     0  startup.o(RESET)
    ADC0Seq1_Handler                         0x00000283   Thumb Code     0  startup.o(RESET)
    ADC0Seq2_Handler                         0x00000283   Thumb Code     0  startup.o(RESET)
    ADC1Seq0_Handler                         0x00000283   Thumb Code     0  startup.o(RESET)
    ADC1Seq1_Handler                         0x00000283   Thumb Code     0  startup.o(RESET)
    ADC1Seq2_Handler                         0x00000283   Thumb Code     0  startup.o(RESET)
    ADC1Seq3_Handler                         0x00000283   Thumb Code     0  startup.o(RESET)
    CAN0_Handler                             0x00000283   Thumb Code     0  startup.o(RESET)
    CAN1_Handler                             0x00000283   Thumb Code     0  startup.o(RESET)
    CAN2_Handler                             0x00000283   Thumb Code     0  startup.o(RESET)
    Comp0_Handler                            0x00000283   Thumb Code     0  startup.o(RESET)
    Comp1_Handler                            0x00000283   Thumb Code     0  startup.o(RESET)
    Comp2_Handler                            0x00000283   Thumb Code     0  startup.o(RESET)
    Ethernet_Handler                         0x00000283   Thumb Code     0  startup.o(RESET)
    ExtBus_Handler                           0x00000283   Thumb Code     0  startup.o(RESET)
    FPU_Handler                              0x00000283   Thumb Code     0  startup.o(RESET)
    Fan0_Handler                             0x00000283   Thumb Code     0  startup.o(RESET)
    FlashCtl_Handler                         0x00000283   Thumb Code     0  startup.o(RESET)
    GPIOPortA_Handler                        0x00000283   Thumb Code     0  startup.o(RESET)
    GPIOPortB_Handler                        0x00000283   Thumb Code     0  startup.o(RESET)
    GPIOPortC_Handler                        0x00000283   Thumb Code     0  startup.o(RESET)
    GPIOPortD_Handler                        0x00000283   Thumb Code     0  startup.o(RESET)
    GPIOPortE_Handler                        0x00000283   Thumb Code     0  startup.o(RESET)
    GPIOPortG_Handler                        0x00000283   Thumb Code     0  startup.o(RESET)
    GPIOPortH_Handler                        0x00000283   Thumb Code     0  startup.o(RESET)
    GPIOPortJ_Handler                        0x00000283   Thumb Code     0  startup.o(RESET)
    GPIOPortK_Handler                        0x00000283   Thumb Code     0  startup.o(RESET)
    GPIOPortL_Handler                        0x00000283   Thumb Code     0  startup.o(RESET)
    GPIOPortM_Handler                        0x00000283   Thumb Code     0  startup.o(RESET)
    GPIOPortN_Handler                        0x00000283   Thumb Code     0  startup.o(RESET)
    GPIOPortP1_Handler                       0x00000283   Thumb Code     0  startup.o(RESET)
    GPIOPortP2_Handler                       0x00000283   Thumb Code     0  startup.o(RESET)
    GPIOPortP3_Handler                       0x00000283   Thumb Code     0  startup.o(RESET)
    GPIOPortP4_Handler                       0x00000283   Thumb Code     0  startup.o(RESET)
    GPIOPortP5_Handler                       0x00000283   Thumb Code     0  startup.o(RESET)
    GPIOPortP6_Handler                       0x00000283   Thumb Code     0  startup.o(RESET)
    GPIOPortP7_Handler                       0x00000283   Thumb Code     0  startup.o(RESET)
    GPIOPortP_Handler                        0x00000283   Thumb Code     0  startup.o(RESET)
    GPIOPortQ1_Handler                       0x00000283   Thumb Code     0  startup.o(RESET)
    GPIOPortQ2_Handler                       0x00000283   Thumb Code     0  startup.o(RESET)
    GPIOPortQ3_Handler                       0x00000283   Thumb Code     0  startup.o(RESET)
    GPIOPortQ4_Handler                       0x00000283   Thumb Code     0  startup.o(RESET)
    GPIOPortQ5_Handler                       0x00000283   Thumb Code     0  startup.o(RESET)
    GPIOPortQ6_Handler                       0x00000283   Thumb Code     0  startup.o(RESET)
    GPIOPortQ7_Handler                       0x00000283   Thumb Code     0  startup.o(RESET)
    GPIOPortQ_Handler                        0x00000283   Thumb Code     0  startup.o(RESET)
    GPIOPortR_Handler                        0x00000283   Thumb Code     0  startup.o(RESET)
    GPIOPortS_Handler                        0x00000283   Thumb Code     0  startup.o(RESET)
    Hibernate_Handler                        0x00000283   Thumb Code     0  startup.o(RESET)
    I2C0_Handler                             0x00000283   Thumb Code     0  startup.o(RESET)
    I2C1_Handler                             0x00000283   Thumb Code     0  startup.o(RESET)
    I2C2_Handler                             0x00000283   Thumb Code     0  startup.o(RESET)
    I2C3_Handler                             0x00000283   Thumb Code     0  startup.o(RESET)
    I2C4_Handler                             0x00000283   Thumb Code     0  startup.o(RESET)
    I2C5_Handler                             0x00000283   Thumb Code     0  startup.o(RESET)
    I2S0_Handler                             0x00000283   Thumb Code     0  startup.o(RESET)
    LPC0_Handler                             0x00000283   Thumb Code     0  startup.o(RESET)
    PECI0_Handler                            0x00000283   Thumb Code     0  startup.o(RESET)
    PWM0Fault_Handler                        0x00000283   Thumb Code     0  startup.o(RESET)
    PWM0Generator0_Handler                   0x00000283   Thumb Code     0  startup.o(RESET)
    PWM0Generator1_Handler                   0x00000283   Thumb Code     0  startup.o(RESET)
    PWM0Generator2_Handler                   0x00000283   Thumb Code     0  startup.o(RESET)
    PWM0Generator3_Handler                   0x00000283   Thumb Code     0  startup.o(RESET)
    PWM1Fault_Handler                        0x00000283   Thumb Code     0  startup.o(RESET)
    PWM1Generator0_Handler                   0x00000283   Thumb Code     0  startup.o(RESET)
    PWM1Generator1_Handler                   0x00000283   Thumb Code     0  startup.o(RESET)
    PWM1Generator2_Handler                   0x00000283   Thumb Code     0  startup.o(RESET)
    PWM1Generator3_Handler                   0x00000283   Thumb Code     0  startup.o(RESET)
    Quadrature0_Handler                      0x00000283   Thumb Code     0  startup.o(RESET)
    Quadrature1_Handler                      0x00000283   Thumb Code     0  startup.o(RESET)
    Quadrature2_Handler                      0x00000283   Thumb Code     0  startup.o(RESET)
    SSI0_Handler                             0x00000283   Thumb Code     0  startup.o(RESET)
    SSI1_Handler                             0x00000283   Thumb Code     0  startup.o(RESET)
    SSI2_Handler                             0x00000283   Thumb Code     0  startup.o(RESET)
    SSI3_Handler                             0x00000283   Thumb Code     0  startup.o(RESET)
    SysCtl_Handler                           0x00000283   Thumb Code     0  startup.o(RESET)
    Timer0B_Handler                          0x00000283   Thumb Code     0  startup.o(RESET)
    Timer1A_Handler                          0x00000283   Thumb Code     0  startup.o(RESET)
    Timer1B_Handler                          0x00000283   Thumb Code     0  startup.o(RESET)
    Timer2A_Handler                          0x00000283   Thumb Code     0  startup.o(RESET)
    Timer2B_Handler                          0x00000283   Thumb Code     0  startup.o(RESET)
    Timer3A_Handler                          0x00000283   Thumb Code     0  startup.o(RESET)
    Timer3B_Handler                          0x00000283   Thumb Code     0  startup.o(RESET)
    Timer4B_Handler                          0x00000283   Thumb Code     0  startup.o(RESET)
    Timer5A_Handler                          0x00000283   Thumb Code     0  startup.o(RESET)
    Timer5B_Handler                          0x00000283   Thumb Code     0  startup.o(RESET)
    UART1_Handler                            0x00000283   Thumb Code     0  startup.o(RESET)
    UART2_Handler                            0x00000283   Thumb Code     0  startup.o(RESET)
    UART3_Handler                            0x00000283   Thumb Code     0  startup.o(RESET)
    UART4_Handler                            0x00000283   Thumb Code     0  startup.o(RESET)
    UART5_Handler                            0x00000283   Thumb Code     0  startup.o(RESET)
    UART6_Handler                            0x00000283   Thumb Code     0  startup.o(RESET)
    UART7_Handler                            0x00000283   Thumb Code     0  startup.o(RESET)
    USB0_Handler                             0x00000283   Thumb Code     0  startup.o(RESET)
    WDT_Handler                              0x00000283   Thumb Code     0  startup.o(RESET)
    WideTimer0A_Handler                      0x00000283   Thumb Code     0  startup.o(RESET)
    WideTimer0B_Handler                      0x00000283   Thumb Code     0  startup.o(RESET)
    WideTimer1A_Handler                      0x00000283   Thumb Code     0  startup.o(RESET)
    WideTimer1B_Handler                      0x00000283   Thumb Code     0  startup.o(RESET)
    WideTimer2A_Handler                      0x00000283   Thumb Code     0  startup.o(RESET)
    WideTimer2B_Handler                      0x00000283   Thumb Code     0  startup.o(RESET)
    WideTimer3A_Handler                      0x00000283   Thumb Code     0  startup.o(RESET)
    WideTimer3B_Handler                      0x00000283   Thumb Code     0  startup.o(RESET)
    WideTimer4A_Handler                      0x00000283   Thumb Code     0  startup.o(RESET)
    WideTimer4B_Handler                      0x00000283   Thumb Code     0  startup.o(RESET)
    WideTimer5A_Handler                      0x00000283   Thumb Code     0  startup.o(RESET)
    WideTimer5B_Handler                      0x00000283   Thumb Code     0  startup.o(RESET)
    uDMA_Error                               0x00000283   Thumb Code     0  startup.o(RESET)
    uDMA_Handler                             0x00000283   Thumb Code     0  startup.o(RESET)
    __main                                   0x00000285   Thumb Code     8  __main.o(!!!main)
    __scatterload                            0x0000028d   Thumb Code     0  __scatter.o(!!!scatter)
    __scatterload_rt2                        0x0000028d   Thumb Code    44  __scatter.o(!!!scatter)
    __scatterload_rt2_thumb_only             0x0000028d   Thumb Code     0  __scatter.o(!!!scatter)
    __scatterload_null                       0x0000029b   Thumb Code     0  __scatter.o(!!!scatter)
    __decompress                             0x000002c1   Thumb Code    58  __dczerorl.o(!!dczerorl)
    __decompress0                            0x000002c1   Thumb Code     0  __dczerorl.o(!!dczerorl)
    __scatterload_zeroinit                   0x000002fd   Thumb Code    28  __scatter_zi.o(!!handler_zi)
    __rt_lib_init                            0x00000319   Thumb Code     0  libinit.o(.ARM.Collect$$libinit$$00000000)
    __rt_lib_init_fp_1                       0x0000031b   Thumb Code     0  libinit2.o(.ARM.Collect$$libinit$$00000002)
    __rt_lib_init_heap_1                     0x0000031b   Thumb Code     0  libinit2.o(.ARM.Collect$$libinit$$00000008)
    __rt_lib_init_lc_common                  0x0000031b   Thumb Code     0  libinit2.o(.ARM.Collect$$libinit$$0000000D)
    __rt_lib_init_rand_1                     0x0000031b   Thumb Code     0  libinit2.o(.ARM.Collect$$libinit$$0000000C)
    __rt_lib_init_user_alloc_1               0x0000031b   Thumb Code     0  libinit2.o(.ARM.Collect$$libinit$$0000000A)
    __rt_lib_init_lc_collate_1               0x00000321   Thumb Code     0  libinit2.o(.ARM.Collect$$libinit$$0000000F)
    __rt_lib_init_lc_ctype_2                 0x00000321   Thumb Code     0  libinit2.o(.ARM.Collect$$libinit$$00000010)
    __rt_lib_init_alloca_1                   0x0000032d   Thumb Code     0  libinit2.o(.ARM.Collect$$libinit$$0000002C)
    __rt_lib_init_argv_1                     0x0000032d   Thumb Code     0  libinit2.o(.ARM.Collect$$libinit$$0000002A)
    __rt_lib_init_atexit_1                   0x0000032d   Thumb Code     0  libinit2.o(.ARM.Collect$$libinit$$00000019)
    __rt_lib_init_clock_1                    0x0000032d   Thumb Code     0  libinit2.o(.ARM.Collect$$libinit$$0000001F)
    __rt_lib_init_cpp_1                      0x0000032d   Thumb Code     0  libinit2.o(.ARM.Collect$$libinit$$00000030)
    __rt_lib_init_exceptions_1               0x0000032d   Thumb Code     0  libinit2.o(.ARM.Collect$$libinit$$0000002E)
    __rt_lib_init_fp_trap_1                  0x0000032d   Thumb Code     0  libinit2.o(.ARM.Collect$$libinit$$0000001D)
    __rt_lib_init_getenv_1                   0x0000032d   Thumb Code     0  libinit2.o(.ARM.Collect$$libinit$$00000021)
    __rt_lib_init_lc_ctype_1                 0x0000032d   Thumb Code     0  libinit2.o(.ARM.Collect$$libinit$$00000011)
    __rt_lib_init_lc_monetary_1              0x0000032d   Thumb Code     0  libinit2.o(.ARM.Collect$$libinit$$00000013)
    __rt_lib_init_lc_numeric_1               0x0000032d   Thumb Code     0  libinit2.o(.ARM.Collect$$libinit$$00000015)
    __rt_lib_init_lc_time_1                  0x0000032d   Thumb Code     0  libinit2.o(.ARM.Collect$$libinit$$00000017)
    __rt_lib_init_return                     0x0000032d   Thumb Code     0  libinit2.o(.ARM.Collect$$libinit$$00000031)
    __rt_lib_init_signal_1                   0x0000032d   Thumb Code     0  libinit2.o(.ARM.Collect$$libinit$$0000001B)
    __rt_lib_init_stdio_1                    0x0000032d   Thumb Code     0  libinit2.o(.ARM.Collect$$libinit$$00000023)
    __rt_lib_shutdown                        0x0000032f   Thumb Code     0  libshutdown.o(.ARM.Collect$$libshutdown$$00000000)
    __rt_lib_shutdown_fp_trap_1              0x00000331   Thumb Code     0  libshutdown2.o(.ARM.Collect$$libshutdown$$00000006)
    __rt_lib_shutdown_heap_1                 0x00000331   Thumb Code     0  libshutdown2.o(.ARM.Collect$$libshutdown$$0000000E)
    __rt_lib_shutdown_return                 0x00000331   Thumb Code     0  libshutdown2.o(.ARM.Collect$$libshutdown$$0000000F)
    __rt_lib_shutdown_signal_1               0x00000331   Thumb Code     0  libshutdown2.o(.ARM.Collect$$libshutdown$$00000009)
    __rt_lib_shutdown_stdio_1                0x00000331   Thumb Code     0  libshutdown2.o(.ARM.Collect$$libshutdown$$00000003)
    __rt_lib_shutdown_user_alloc_1           0x00000331   Thumb Code     0  libshutdown2.o(.ARM.Collect$$libshutdown$$0000000B)
    __rt_entry                               0x00000333   Thumb Code     0  rtentry.o(.ARM.Collect$$rtentry$$00000000)
    __rt_entry_presh_1                       0x00000333   Thumb Code     0  rtentry2.o(.ARM.Collect$$rtentry$$00000002)
    __rt_entry_sh                            0x00000333   Thumb Code     0  rtentry4.o(.ARM.Collect$$rtentry$$00000004)
    __rt_entry_li                            0x00000339   Thumb Code     0  rtentry2.o(.ARM.Collect$$rtentry$$0000000A)
    __rt_entry_postsh_1                      0x00000339   Thumb Code     0  rtentry2.o(.ARM.Collect$$rtentry$$00000009)
    __rt_entry_main                          0x0000033d   Thumb Code     0  rtentry2.o(.ARM.Collect$$rtentry$$0000000D)
    __rt_entry_postli_1                      0x0000033d   Thumb Code     0  rtentry2.o(.ARM.Collect$$rtentry$$0000000C)
    __rt_exit                                0x00000345   Thumb Code     0  rtexit.o(.ARM.Collect$$rtexit$$00000000)
    __rt_exit_ls                             0x00000347   Thumb Code     0  rtexit2.o(.ARM.Collect$$rtexit$$00000003)
    __rt_exit_prels_1                        0x00000347   Thumb Code     0  rtexit2.o(.ARM.Collect$$rtexit$$00000002)
    __rt_exit_exit                           0x0000034b   Thumb Code     0  rtexit2.o(.ARM.Collect$$rtexit$$00000004)
    DisableInterrupts                        0x00000351   Thumb Code     0  startup.o(.text)
    EnableInterrupts                         0x00000355   Thumb Code     0  startup.o(.text)
    StartCritical                            0x00000359   Thumb Code     0  startup.o(.text)
    EndCritical                              0x00000361   Thumb Code     0  startup.o(.text)
    WaitForInterrupt                         0x00000367   Thumb Code     0  startup.o(.text)
    __user_initial_stackheap                 0x0000036b   Thumb Code     0  startup.o(.text)
    OS_DisableInterrupts                     0x00000381   Thumb Code     0  osasm.o(.text)
    OS_EnableInterrupts                      0x00000385   Thumb Code     0  osasm.o(.text)
    SysTick_Handler                          0x00000389   Thumb Code     0  osasm.o(.text)
    StartOS                                  0x000003af   Thumb Code     0  osasm.o(.text)
    cr4_fft_64_stm32                         0x000003d5   Thumb Code     0  cr4_fft_64_stm32.o(.text)
    PID_stm32                                0x000006a5   Thumb Code     0  pid_stm32.o(.text)
    atoi                                     0x000006ed   Thumb Code    26  atoi.o(.text)
    strncmp                                  0x00000707   Thumb Code   150  strncmp.o(.text)
    __aeabi_memclr4                          0x0000079d   Thumb Code     0  rt_memclr_w.o(.text)
    __aeabi_memclr8                          0x0000079d   Thumb Code     0  rt_memclr_w.o(.text)
    __rt_memclr_w                            0x0000079d   Thumb Code    78  rt_memclr_w.o(.text)
    _memset_w                                0x000007a1   Thumb Code     0  rt_memclr_w.o(.text)
    __use_two_region_memory                  0x000007eb   Thumb Code     2  heapauxi.o(.text)
    __rt_heap_escrow$2region                 0x000007ed   Thumb Code     2  heapauxi.o(.text)
    __rt_heap_expand$2region                 0x000007ef   Thumb Code     2  heapauxi.o(.text)
    __aeabi_errno_addr                       0x000007f1   Thumb Code     8  rt_errno_addr_intlibspace.o(.text)
    __errno$intlibspace                      0x000007f1   Thumb Code     0  rt_errno_addr_intlibspace.o(.text)
    __rt_errno_addr$intlibspace              0x000007f1   Thumb Code     0  rt_errno_addr_intlibspace.o(.text)
    strtol                                   0x000007f9   Thumb Code   112  strtol.o(.text)
    __user_libspace                          0x00000869   Thumb Code     8  libspace.o(.text)
    __user_perproc_libspace                  0x00000869   Thumb Code     0  libspace.o(.text)
    __user_perthread_libspace                0x00000869   Thumb Code     0  libspace.o(.text)
    __rt_ctype_table                         0x00000871   Thumb Code    16  rt_ctype_table.o(.text)
    _strtoul                                 0x00000881   Thumb Code   158  _strtoul.o(.text)
    __user_setup_stackheap                   0x0000091f   Thumb Code    74  sys_stackheap_outer.o(.text)
    __rt_locale                              0x00000969   Thumb Code     8  rt_locale_intlibspace.o(.text)
    _chval                                   0x00000971   Thumb Code    28  _chval.o(.text)
    exit                                     0x0000098d   Thumb Code    12  exit.o(.text)
    strcmp                                   0x00000999   Thumb Code   128  strcmpv7m.o(.text)
    _sys_exit                                0x00000a19   Thumb Code     8  sys_exit.o(.text)
    __I$use$semihosting                      0x00000a25   Thumb Code     0  use_no_semi.o(.text)
    __use_no_semihosting_swi                 0x00000a25   Thumb Code     2  use_no_semi.o(.text)
    __semihosting_library_function           0x00000a27   Thumb Code     0  indicate_semi.o(.text)
    ADC0Seq3_Handler                         0x00000a29   Thumb Code    28  adc.o(i.ADC0Seq3_Handler)
    ADC_Collect                              0x00000a55   Thumb Code    24  adc.o(i.ADC_Collect)
    ADC_Collect_Init                         0x00000a71   Thumb Code  1084  adc.o(i.ADC_Collect_Init)
    ADC_GetOne                               0x00000ead   Thumb Code    36  adc.o(i.ADC_GetOne)
    ADC_In                                   0x00000ed9   Thumb Code     8  adc.o(i.ADC_In)
    ADC_Init                                 0x00000ee1   Thumb Code   968  adc.o(i.ADC_Init)
    ButtonWork                               0x000012d1   Thumb Code   112  lab2.o(i.ButtonWork)
    CLR_Commands                             0x00001395   Thumb Code    10  interpreter.o(i.CLR_Commands)
    Consumer                                 0x000013a1   Thumb Code   128  lab2.o(i.Consumer)
    DAS                                      0x00001441   Thumb Code   172  lab2.o(i.DAS)
    Delay1ms                                 0x00001509   Thumb Code    32  st7735.o(i.Delay1ms)
    Display                                  0x00001529   Thumb Code    72  lab2.o(i.Display)
    Filter                                   0x00001591   Thumb Code   186  lab2.o(i.Filter)
    GPIOPortF_Handler                        0x00001659   Thumb Code    16  os.o(i.GPIOPortF_Handler)
    Interpreter                              0x00001671   Thumb Code     8  lab2.o(i.Interpreter)
    Interpreter_Run                          0x00001679   Thumb Code   252  interpreter.o(i.Interpreter_Run)
    LCD_Commands                             0x000017cd   Thumb Code    60  interpreter.o(i.LCD_Commands)
    NumIn                                    0x00001809   Thumb Code   102  numin.o(i.NumIn)
    NumIn_Add                                0x00001881   Thumb Code    12  numin.o(i.NumIn_Add)
    NumIn_Div                                0x00001895   Thumb Code    14  numin.o(i.NumIn_Div)
    NumIn_Mult                               0x000018ad   Thumb Code    12  numin.o(i.NumIn_Mult)
    NumIn_Sub                                0x000018c1   Thumb Code    12  numin.o(i.NumIn_Sub)
    OS_AddPeriodicThread                     0x000018d5   Thumb Code    22  os.o(i.OS_AddPeriodicThread)
    OS_AddSW1Task                            0x000018ed   Thumb Code   196  os.o(i.OS_AddSW1Task)
    OS_AddThread                             0x000019cd   Thumb Code   276  os.o(i.OS_AddThread)
    OS_AddThreadToDead                       0x00001b05   Thumb Code   124  os.o(i.OS_AddThreadToDead)
    OS_ClearMsTime                           0x00001b9d   Thumb Code     8  os.o(i.OS_ClearMsTime)
    OS_Fifo_Get                              0x00001ba5   Thumb Code    36  os.o(i.OS_Fifo_Get)
    OS_Fifo_Init                             0x00001bd5   Thumb Code    30  os.o(i.OS_Fifo_Init)
    OS_Fifo_Put                              0x00001c05   Thumb Code    60  os.o(i.OS_Fifo_Put)
    OS_Id                                    0x00001c51   Thumb Code     8  os.o(i.OS_Id)
    OS_Init                                  0x00001c5d   Thumb Code    62  os.o(i.OS_Init)
    OS_InitSemaphore                         0x00001ca5   Thumb Code     4  os.o(i.OS_InitSemaphore)
    OS_Kill                                  0x00001ca9   Thumb Code   136  os.o(i.OS_Kill)
    OS_Launch                                0x00001d49   Thumb Code    22  os.o(i.OS_Launch)
    OS_MailBox_Init                          0x00001d61   Thumb Code    20  os.o(i.OS_MailBox_Init)
    OS_MailBox_Recv                          0x00001d7d   Thumb Code    22  os.o(i.OS_MailBox_Recv)
    OS_MailBox_Send                          0x00001da1   Thumb Code    22  os.o(i.OS_MailBox_Send)
    OS_MsTime                                0x00001dc5   Thumb Code    12  os.o(i.OS_MsTime)
    OS_Signal                                0x00001dd1   Thumb Code    20  os.o(i.OS_Signal)
    OS_Sleep                                 0x00001de5   Thumb Code    26  os.o(i.OS_Sleep)
    OS_Suspend                               0x00001e05   Thumb Code    18  os.o(i.OS_Suspend)
    OS_Time                                  0x00001e1d   Thumb Code    34  os.o(i.OS_Time)
    OS_TimeDifference                        0x00001e45   Thumb Code     6  os.o(i.OS_TimeDifference)
    OS_Wait                                  0x00001e4b   Thumb Code    36  os.o(i.OS_Wait)
    OS_bSignal                               0x00001e6f   Thumb Code    18  os.o(i.OS_bSignal)
    OS_bWait                                 0x00001e81   Thumb Code    34  os.o(i.OS_bWait)
    OutCRLF                                  0x00001ea3   Thumb Code    16  interpreter.o(i.OutCRLF)
    PID                                      0x00001eb5   Thumb Code    96  lab2.o(i.PID)
    PLL_Init                                 0x00001f31   Thumb Code   118  pll.o(i.PLL_Init)
    PortE_Init                               0x00001fad   Thumb Code    76  lab2.o(i.PortE_Init)
    Producer                                 0x00002009   Thumb Code    44  lab2.o(i.Producer)
    RxFifo_Get                               0x0000203d   Thumb Code    46  uart.o(i.RxFifo_Get)
    RxFifo_Init                              0x00002079   Thumb Code    26  uart.o(i.RxFifo_Init)
    RxFifo_Put                               0x0000209d   Thumb Code    48  uart.o(i.RxFifo_Put)
    RxFifo_Size                              0x000020d9   Thumb Code    14  uart.o(i.RxFifo_Size)
    ST7735_DrawCharS                         0x000020f1   Thumb Code   232  st7735.o(i.ST7735_DrawCharS)
    ST7735_DrawPixel                         0x000021e5   Thumb Code    64  st7735.o(i.ST7735_DrawPixel)
    ST7735_DrawString                        0x0000222d   Thumb Code    86  st7735.o(i.ST7735_DrawString)
    ST7735_FillRect                          0x00002285   Thumb Code   164  st7735.o(i.ST7735_FillRect)
    ST7735_FillScreen                        0x00002331   Thumb Code    28  st7735.o(i.ST7735_FillScreen)
    ST7735_InitR                             0x00002355   Thumb Code    90  st7735.o(i.ST7735_InitR)
    ST7735_InitScreens                       0x000023d1   Thumb Code    32  st7735.o(i.ST7735_InitScreens)
    ST7735_Message                           0x000023f5   Thumb Code    62  st7735.o(i.ST7735_Message)
    ST7735_OutChar                           0x00002439   Thumb Code   176  st7735.o(i.ST7735_OutChar)
    ST7735_OutString                         0x0000250d   Thumb Code    24  st7735.o(i.ST7735_OutString)
    ST7735_OutUDec                           0x00002525   Thumb Code   118  st7735.o(i.ST7735_OutUDec)
    ST7735_SetCursor                         0x000025b1   Thumb Code    22  st7735.o(i.ST7735_SetCursor)
    SW1Push                                  0x000025d1   Thumb Code    38  lab2.o(i.SW1Push)
    Scheduler                                0x00002601   Thumb Code   114  os.o(i.Scheduler)
    SetInitialStack                          0x00002679   Thumb Code   326  os.o(i.SetInitialStack)
    T4_Commands                              0x000027c9   Thumb Code     2  interpreter.o(i.T4_Commands)
    Timer0A_GetSystemTime                    0x000027cd   Thumb Code     6  timer0a.o(i.Timer0A_GetSystemTime)
    Timer0A_Handler                          0x000027d9   Thumb Code    18  timer0a.o(i.Timer0A_Handler)
    Timer0A_Init                             0x000027f5   Thumb Code    90  timer0a.o(i.Timer0A_Init)
    Timer4A_Handler                          0x00002861   Thumb Code    26  timer4a.o(i.Timer4A_Handler)
    Timer4A_Init                             0x00002889   Thumb Code   130  timer4a.o(i.Timer4A_Init)
    Timer4A_ResetCount                       0x0000292d   Thumb Code     8  timer4a.o(i.Timer4A_ResetCount)
    Timer4A_ReturnCount                      0x00002939   Thumb Code     6  timer4a.o(i.Timer4A_ReturnCount)
    TxFifo_Get                               0x00002945   Thumb Code    46  uart.o(i.TxFifo_Get)
    TxFifo_Init                              0x00002981   Thumb Code    26  uart.o(i.TxFifo_Init)
    TxFifo_Put                               0x000029a5   Thumb Code    48  uart.o(i.TxFifo_Put)
    TxFifo_Size                              0x000029e1   Thumb Code    14  uart.o(i.TxFifo_Size)
    UART0_Handler                            0x000029f9   Thumb Code    82  uart.o(i.UART0_Handler)
    UART_InChar                              0x00002a51   Thumb Code    20  uart.o(i.UART_InChar)
    UART_InString                            0x00002a65   Thumb Code    70  uart.o(i.UART_InString)
    UART_Init                                0x00002aad   Thumb Code   174  uart.o(i.UART_Init)
    UART_OutChar                             0x00002b75   Thumb Code    46  uart.o(i.UART_OutChar)
    UART_OutString                           0x00002ba9   Thumb Code    24  uart.o(i.UART_OutString)
    UART_OutUDec                             0x00002bc1   Thumb Code    42  uart.o(i.UART_OutUDec)
    convToInt                                0x00002db9   Thumb Code    26  numin.o(i.convToInt)
    fillmessage                              0x00002e31   Thumb Code    64  st7735.o(i.fillmessage)
    main                                     0x00002e79   Thumb Code   136  lab2.o(i.main)
    _get_lc_ctype                            0x00003001   Thumb Code    44  lc_ctype_c.o(locale$$code)
    __aeabi_ddiv                             0x0000302d   Thumb Code     0  ddiv.o(x$fpl$ddiv)
    _ddiv                                    0x0000302d   Thumb Code   552  ddiv.o(x$fpl$ddiv)
    __aeabi_d2uiz                            0x000032dd   Thumb Code     0  dfixu.o(x$fpl$dfixu)
    _dfixu                                   0x000032dd   Thumb Code    90  dfixu.o(x$fpl$dfixu)
    __aeabi_ui2d                             0x00003337   Thumb Code     0  dflt_clz.o(x$fpl$dfltu)
    _dfltu                                   0x00003337   Thumb Code    38  dflt_clz.o(x$fpl$dfltu)
    __aeabi_dmul                             0x0000335d   Thumb Code     0  dmul.o(x$fpl$dmul)
    _dmul                                    0x0000335d   Thumb Code   332  dmul.o(x$fpl$dmul)
    __fpl_dnaninf                            0x000034b1   Thumb Code   156  dnaninf.o(x$fpl$dnaninf)
    __fpl_dretinf                            0x0000354d   Thumb Code    12  dretinf.o(x$fpl$dretinf)
    __I$use$fp                               0x00003558   Number         0  usenofp.o(x$fpl$usenofp)
    dBfs                                     0x00003b3a   Data         512  st7735.o(.constdata)
    Region$$Table$$Base                      0x00003d3c   Number         0  anon$$obj.o(Region$$Table)
    Region$$Table$$Limit                     0x00003d5c   Number         0  anon$$obj.o(Region$$Table)
    __ctype                                  0x00003d69   Data           0  lc_ctype_c.o(locale$$data)
    numOfThreads                             0x20000000   Data           1  os.o(.data)
    hasThreads                               0x20000001   Data           1  os.o(.data)
    deadThreads                              0x20000002   Data           1  os.o(.data)
    DeadPt                                   0x20000004   Data           4  os.o(.data)
    FallingEdges                             0x20000008   Data           4  os.o(.data)
    RunPt                                    0x2000000c   Data           4  os.o(.data)
    LastPt                                   0x20000010   Data           4  os.o(.data)
    FlaggedPt                                0x20000014   Data           4  os.o(.data)
    flaggedThread                            0x20000018   Data           1  os.o(.data)
    MAILBOX                                  0x2000001c   Data           4  os.o(.data)
    PutI                                     0x20000020   Data           4  os.o(.data)
    GetI                                     0x20000024   Data           4  os.o(.data)
    CurrentSize                              0x20000028   Data           4  os.o(.data)
    LostData                                 0x2000002c   Data           4  os.o(.data)
    DataValid                                0x20000030   Data           4  os.o(.data)
    BoxFree                                  0x20000034   Data           4  os.o(.data)
    sw1task                                  0x20000038   Data           4  os.o(.data)
    NumSamples                               0x2000003c   Data           4  lab2.o(.data)
    NumCreated                               0x2000004c   Data           4  lab2.o(.data)
    PIDWork                                  0x20000050   Data           4  lab2.o(.data)
    FilterWork                               0x20000054   Data           4  lab2.o(.data)
    DataLost                                 0x20000058   Data           4  lab2.o(.data)
    MaxJitter                                0x2000005c   Data           4  lab2.o(.data)
    TotalWithI1                              0x20000060   Data           4  lab2.o(.data)
    MaxWithI1                                0x20000064   Data           2  lab2.o(.data)
    DASoutput                                0x20000068   Data           4  lab2.o(.data)
    ConsumerCount                            0x2000006c   Data           4  lab2.o(.data)
    IntTerm                                  0x20000070   Data           2  lab2.o(.data)
    PrevError                                0x20000072   Data           2  lab2.o(.data)
    Coeff                                    0x20000074   Data           6  lab2.o(.data)
    Actuator                                 0x2000007a   Data           2  lab2.o(.data)
    Count1                                   0x2000007c   Data           4  lab2.o(.data)
    Count2                                   0x20000080   Data           4  lab2.o(.data)
    Count3                                   0x20000084   Data           4  lab2.o(.data)
    Count4                                   0x20000088   Data           4  lab2.o(.data)
    Count5                                   0x2000008c   Data           4  lab2.o(.data)
    Readyc                                   0x20000090   Data           4  lab2.o(.data)
    Lost                                     0x20000094   Data           4  lab2.o(.data)
    Readyd                                   0x20000098   Data           4  lab2.o(.data)
    OtherCount1                              0x2000009c   Data           4  lab2.o(.data)
    Expected8                                0x200000a0   Data           4  lab2.o(.data)
    Error8                                   0x200000a4   Data           4  lab2.o(.data)
    COUNT                                    0x200000a8   Data           4  timer4a.o(.data)
    PeriodicTask2                            0x200000ac   Data           4  timer4a.o(.data)
    RxPutI                                   0x200000b0   Data           4  uart.o(.data)
    RxGetI                                   0x200000b4   Data           4  uart.o(.data)
    TxPutI                                   0x200000b8   Data           4  uart.o(.data)
    TxGetI                                   0x200000bc   Data           4  uart.o(.data)
    lcd                                      0x200000c0   Data           3  interpreter.o(.data)
    clr                                      0x200000c3   Data           3  interpreter.o(.data)
    tlcd                                     0x200000c6   Data           4  interpreter.o(.data)
    T                                        0x200000ca   Data           1  interpreter.o(.data)
    RC                                       0x200000cb   Data           2  interpreter.o(.data)
    GC                                       0x200000cd   Data           2  interpreter.o(.data)
    adc                                      0x200000cf   Data           3  interpreter.o(.data)
    madc                                     0x200000d2   Data           4  interpreter.o(.data)
    Command                                  0x200000d6   Data           8  interpreter.o(.data)
    userInFifo                               0x200000e0   Data           4  interpreter.o(.data)
    VALUE1                                   0x200000e4   Data           4  numin.o(.data)
    VALUE2                                   0x200000e8   Data           4  numin.o(.data)
    sum                                      0x200000ec   Data           2  numin.o(.data)
    sub                                      0x200000ee   Data           2  numin.o(.data)
    mult                                     0x200000f0   Data           2  numin.o(.data)
    divide                                   0x200000f2   Data           2  numin.o(.data)
    StX                                      0x200000f4   Data           4  st7735.o(.data)
    StY                                      0x200000f8   Data           4  st7735.o(.data)
    StTextColor                              0x200000fc   Data           2  st7735.o(.data)
    lastj                                    0x20000104   Data           4  st7735.o(.data)
    LCDFree                                  0x2000010c   Data           4  st7735.o(.data)
    Messageindex                             0x20000110   Data           4  st7735.o(.data)
    Ymax                                     0x20000114   Data           4  st7735.o(.data)
    Ymin                                     0x20000118   Data           4  st7735.o(.data)
    X                                        0x2000011c   Data           4  st7735.o(.data)
    Yrange                                   0x20000120   Data           4  st7735.o(.data)
    PeriodicTask                             0x20000124   Data           4  adc.o(.data)
    ADCvalue                                 0x20000128   Data           4  adc.o(.data)
    SYSTEM_TIME                              0x2000012c   Data           4  timer0a.o(.data)
    tcbs                                     0x20000130   Data         640  os.o(.bss)
    Stacks                                   0x200003b0   Data        8000  os.o(.bss)
    threadCemetary                           0x200022f0   Data          20  os.o(.bss)
    JitterHistogram                          0x20002384   Data         256  lab2.o(.bss)
    x                                        0x200024b4   Data         256  lab2.o(.bss)
    y                                        0x200025b4   Data         256  lab2.o(.bss)
    UserIn                                   0x200026d4   Data          20  interpreter.o(.bss)
    Message                                  0x200026e8   Data          12  st7735.o(.bss)
    __libspace_start                         0x200026f4   Data          96  libspace.o(.bss)
    __temporary_stack_top$libspace           0x20002754   Data           0  libspace.o(.bss)



==============================================================================

Memory Map of the image

  Image Entry point : 0x0000026d

  Load Region LR_1 (Base: 0x00000000, Size: 0x00003f9c, Max: 0xffffffff, ABSOLUTE, COMPRESSED[0x00003ea0])

    Execution Region ER_RO (Base: 0x00000000, Size: 0x00003e6c, Max: 0xffffffff, ABSOLUTE)

    Base Addr    Size         Type   Attr      Idx    E Section Name        Object

    0x00000000   0x00000284   Code   RO            3  * RESET               startup.o
    0x00000284   0x00000008   Code   RO         1121  * !!!main             c_w.l(__main.o)
    0x0000028c   0x00000034   Code   RO         1321    !!!scatter          c_w.l(__scatter.o)
    0x000002c0   0x0000003a   Code   RO         1319    !!dczerorl          c_w.l(__dczerorl.o)
    0x000002fa   0x00000002   PAD
    0x000002fc   0x0000001c   Code   RO         1323    !!handler_zi        c_w.l(__scatter_zi.o)
    0x00000318   0x00000002   Code   RO         1193    .ARM.Collect$$libinit$$00000000  c_w.l(libinit.o)
    0x0000031a   0x00000000   Code   RO         1199    .ARM.Collect$$libinit$$00000002  c_w.l(libinit2.o)
    0x0000031a   0x00000000   Code   RO         1202    .ARM.Collect$$libinit$$00000008  c_w.l(libinit2.o)
    0x0000031a   0x00000000   Code   RO         1204    .ARM.Collect$$libinit$$0000000A  c_w.l(libinit2.o)
    0x0000031a   0x00000000   Code   RO         1206    .ARM.Collect$$libinit$$0000000C  c_w.l(libinit2.o)
    0x0000031a   0x00000006   Code   RO         1207    .ARM.Collect$$libinit$$0000000D  c_w.l(libinit2.o)
    0x00000320   0x00000000   Code   RO         1209    .ARM.Collect$$libinit$$0000000F  c_w.l(libinit2.o)
    0x00000320   0x0000000c   Code   RO         1210    .ARM.Collect$$libinit$$00000010  c_w.l(libinit2.o)
    0x0000032c   0x00000000   Code   RO         1211    .ARM.Collect$$libinit$$00000011  c_w.l(libinit2.o)
    0x0000032c   0x00000000   Code   RO         1213    .ARM.Collect$$libinit$$00000013  c_w.l(libinit2.o)
    0x0000032c   0x00000000   Code   RO         1215    .ARM.Collect$$libinit$$00000015  c_w.l(libinit2.o)
    0x0000032c   0x00000000   Code   RO         1217    .ARM.Collect$$libinit$$00000017  c_w.l(libinit2.o)
    0x0000032c   0x00000000   Code   RO         1219    .ARM.Collect$$libinit$$00000019  c_w.l(libinit2.o)
    0x0000032c   0x00000000   Code   RO         1221    .ARM.Collect$$libinit$$0000001B  c_w.l(libinit2.o)
    0x0000032c   0x00000000   Code   RO         1223    .ARM.Collect$$libinit$$0000001D  c_w.l(libinit2.o)
    0x0000032c   0x00000000   Code   RO         1225    .ARM.Collect$$libinit$$0000001F  c_w.l(libinit2.o)
    0x0000032c   0x00000000   Code   RO         1227    .ARM.Collect$$libinit$$00000021  c_w.l(libinit2.o)
    0x0000032c   0x00000000   Code   RO         1229    .ARM.Collect$$libinit$$00000023  c_w.l(libinit2.o)
    0x0000032c   0x00000000   Code   RO         1233    .ARM.Collect$$libinit$$0000002A  c_w.l(libinit2.o)
    0x0000032c   0x00000000   Code   RO         1235    .ARM.Collect$$libinit$$0000002C  c_w.l(libinit2.o)
    0x0000032c   0x00000000   Code   RO         1237    .ARM.Collect$$libinit$$0000002E  c_w.l(libinit2.o)
    0x0000032c   0x00000000   Code   RO         1239    .ARM.Collect$$libinit$$00000030  c_w.l(libinit2.o)
    0x0000032c   0x00000002   Code   RO         1240    .ARM.Collect$$libinit$$00000031  c_w.l(libinit2.o)
    0x0000032e   0x00000002   Code   RO         1260    .ARM.Collect$$libshutdown$$00000000  c_w.l(libshutdown.o)
    0x00000330   0x00000000   Code   RO         1274    .ARM.Collect$$libshutdown$$00000003  c_w.l(libshutdown2.o)
    0x00000330   0x00000000   Code   RO         1277    .ARM.Collect$$libshutdown$$00000006  c_w.l(libshutdown2.o)
    0x00000330   0x00000000   Code   RO         1280    .ARM.Collect$$libshutdown$$00000009  c_w.l(libshutdown2.o)
    0x00000330   0x00000000   Code   RO         1282    .ARM.Collect$$libshutdown$$0000000B  c_w.l(libshutdown2.o)
    0x00000330   0x00000000   Code   RO         1285    .ARM.Collect$$libshutdown$$0000000E  c_w.l(libshutdown2.o)
    0x00000330   0x00000002   Code   RO         1286    .ARM.Collect$$libshutdown$$0000000F  c_w.l(libshutdown2.o)
    0x00000332   0x00000000   Code   RO         1139    .ARM.Collect$$rtentry$$00000000  c_w.l(rtentry.o)
    0x00000332   0x00000000   Code   RO         1156    .ARM.Collect$$rtentry$$00000002  c_w.l(rtentry2.o)
    0x00000332   0x00000006   Code   RO         1168    .ARM.Collect$$rtentry$$00000004  c_w.l(rtentry4.o)
    0x00000338   0x00000000   Code   RO         1158    .ARM.Collect$$rtentry$$00000009  c_w.l(rtentry2.o)
    0x00000338   0x00000004   Code   RO         1159    .ARM.Collect$$rtentry$$0000000A  c_w.l(rtentry2.o)
    0x0000033c   0x00000000   Code   RO         1161    .ARM.Collect$$rtentry$$0000000C  c_w.l(rtentry2.o)
    0x0000033c   0x00000008   Code   RO         1162    .ARM.Collect$$rtentry$$0000000D  c_w.l(rtentry2.o)
    0x00000344   0x00000002   Code   RO         1194    .ARM.Collect$$rtexit$$00000000  c_w.l(rtexit.o)
    0x00000346   0x00000000   Code   RO         1242    .ARM.Collect$$rtexit$$00000002  c_w.l(rtexit2.o)
    0x00000346   0x00000004   Code   RO         1243    .ARM.Collect$$rtexit$$00000003  c_w.l(rtexit2.o)
    0x0000034a   0x00000006   Code   RO         1244    .ARM.Collect$$rtexit$$00000004  c_w.l(rtexit2.o)
    0x00000350   0x00000030   Code   RO            4    .text               startup.o
    0x00000380   0x00000054   Code   RO           12    .text               osasm.o
    0x000003d4   0x000002ce   Code   RO         1078    .text               cr4_fft_64_stm32.o
    0x000006a2   0x00000002   PAD
    0x000006a4   0x00000048   Code   RO         1081    .text               pid_stm32.o
    0x000006ec   0x0000001a   Code   RO         1113    .text               c_w.l(atoi.o)
    0x00000706   0x00000096   Code   RO         1115    .text               c_w.l(strncmp.o)
    0x0000079c   0x0000004e   Code   RO         1117    .text               c_w.l(rt_memclr_w.o)
    0x000007ea   0x00000006   Code   RO         1119    .text               c_w.l(heapauxi.o)
    0x000007f0   0x00000008   Code   RO         1143    .text               c_w.l(rt_errno_addr_intlibspace.o)
    0x000007f8   0x00000070   Code   RO         1145    .text               c_w.l(strtol.o)
    0x00000868   0x00000008   Code   RO         1152    .text               c_w.l(libspace.o)
    0x00000870   0x00000010   Code   RO         1170    .text               c_w.l(rt_ctype_table.o)
    0x00000880   0x0000009e   Code   RO         1172    .text               c_w.l(_strtoul.o)
    0x0000091e   0x0000004a   Code   RO         1174    .text               c_w.l(sys_stackheap_outer.o)
    0x00000968   0x00000008   Code   RO         1179    .text               c_w.l(rt_locale_intlibspace.o)
    0x00000970   0x0000001c   Code   RO         1181    .text               c_w.l(_chval.o)
    0x0000098c   0x0000000c   Code   RO         1186    .text               c_w.l(exit.o)
    0x00000998   0x00000080   Code   RO         1196    .text               c_w.l(strcmpv7m.o)
    0x00000a18   0x0000000c   Code   RO         1252    .text               c_w.l(sys_exit.o)
    0x00000a24   0x00000002   Code   RO         1263    .text               c_w.l(use_no_semi.o)
    0x00000a26   0x00000000   Code   RO         1265    .text               c_w.l(indicate_semi.o)
    0x00000a26   0x00000002   PAD
    0x00000a28   0x0000002c   Code   RO         1033    i.ADC0Seq3_Handler  adc.o
    0x00000a54   0x0000001c   Code   RO         1034    i.ADC_Collect       adc.o
    0x00000a70   0x0000043c   Code   RO         1035    i.ADC_Collect_Init  adc.o
    0x00000eac   0x0000002c   Code   RO         1036    i.ADC_GetOne        adc.o
    0x00000ed8   0x00000008   Code   RO         1037    i.ADC_In            adc.o
    0x00000ee0   0x000003f0   Code   RO         1038    i.ADC_Init          adc.o
    0x000012d0   0x000000c4   Code   RO          241    i.ButtonWork        lab2.o
    0x00001394   0x0000000a   Code   RO          645    i.CLR_Commands      interpreter.o
    0x0000139e   0x00000002   PAD
    0x000013a0   0x000000a0   Code   RO          242    i.Consumer          lab2.o
    0x00001440   0x000000c8   Code   RO          244    i.DAS               lab2.o
    0x00001508   0x00000020   Code   RO          736    i.Delay1ms          st7735.o
    0x00001528   0x00000068   Code   RO          245    i.Display           lab2.o
    0x00001590   0x000000c8   Code   RO          247    i.Filter            lab2.o
    0x00001658   0x00000018   Code   RO           15    i.GPIOPortF_Handler  os.o
    0x00001670   0x00000008   Code   RO          248    i.Interpreter       lab2.o
    0x00001678   0x00000154   Code   RO          646    i.Interpreter_Run   interpreter.o
    0x000017cc   0x0000003c   Code   RO          647    i.LCD_Commands      interpreter.o
    0x00001808   0x00000078   Code   RO          691    i.NumIn             numin.o
    0x00001880   0x00000014   Code   RO          692    i.NumIn_Add         numin.o
    0x00001894   0x00000018   Code   RO          693    i.NumIn_Div         numin.o
    0x000018ac   0x00000014   Code   RO          694    i.NumIn_Mult        numin.o
    0x000018c0   0x00000014   Code   RO          695    i.NumIn_Sub         numin.o
    0x000018d4   0x00000016   Code   RO           16    i.OS_AddPeriodicThread  os.o
    0x000018ea   0x00000002   PAD
    0x000018ec   0x000000e0   Code   RO           17    i.OS_AddSW1Task     os.o
    0x000019cc   0x00000138   Code   RO           18    i.OS_AddThread      os.o
    0x00001b04   0x00000098   Code   RO           19    i.OS_AddThreadToDead  os.o
    0x00001b9c   0x00000008   Code   RO           20    i.OS_ClearMsTime    os.o
    0x00001ba4   0x00000030   Code   RO           21    i.OS_Fifo_Get       os.o
    0x00001bd4   0x00000030   Code   RO           22    i.OS_Fifo_Init      os.o
    0x00001c04   0x0000004c   Code   RO           23    i.OS_Fifo_Put       os.o
    0x00001c50   0x0000000c   Code   RO           25    i.OS_Id             os.o
    0x00001c5c   0x00000048   Code   RO           26    i.OS_Init           os.o
    0x00001ca4   0x00000004   Code   RO           27    i.OS_InitSemaphore  os.o
    0x00001ca8   0x000000a0   Code   RO           28    i.OS_Kill           os.o
    0x00001d48   0x00000016   Code   RO           29    i.OS_Launch         os.o
    0x00001d5e   0x00000002   PAD
    0x00001d60   0x0000001c   Code   RO           30    i.OS_MailBox_Init   os.o
    0x00001d7c   0x00000024   Code   RO           31    i.OS_MailBox_Recv   os.o
    0x00001da0   0x00000024   Code   RO           32    i.OS_MailBox_Send   os.o
    0x00001dc4   0x0000000c   Code   RO           33    i.OS_MsTime         os.o
    0x00001dd0   0x00000014   Code   RO           34    i.OS_Signal         os.o
    0x00001de4   0x00000020   Code   RO           35    i.OS_Sleep          os.o
    0x00001e04   0x00000018   Code   RO           36    i.OS_Suspend        os.o
    0x00001e1c   0x00000028   Code   RO           37    i.OS_Time           os.o
    0x00001e44   0x00000006   Code   RO           38    i.OS_TimeDifference  os.o
    0x00001e4a   0x00000024   Code   RO           39    i.OS_Wait           os.o
    0x00001e6e   0x00000012   Code   RO           40    i.OS_bSignal        os.o
    0x00001e80   0x00000022   Code   RO           41    i.OS_bWait          os.o
    0x00001ea2   0x00000010   Code   RO          648    i.OutCRLF           interpreter.o
    0x00001eb2   0x00000002   PAD
    0x00001eb4   0x0000007c   Code   RO          249    i.PID               lab2.o
    0x00001f30   0x0000007c   Code   RO          224    i.PLL_Init          pll.o
    0x00001fac   0x0000005c   Code   RO          250    i.PortE_Init        lab2.o
    0x00002008   0x00000034   Code   RO          251    i.Producer          lab2.o
    0x0000203c   0x0000003c   Code   RO          514    i.RxFifo_Get        uart.o
    0x00002078   0x00000024   Code   RO          515    i.RxFifo_Init       uart.o
    0x0000209c   0x0000003c   Code   RO          516    i.RxFifo_Put        uart.o
    0x000020d8   0x00000018   Code   RO          517    i.RxFifo_Size       uart.o
    0x000020f0   0x000000f4   Code   RO          746    i.ST7735_DrawCharS  st7735.o
    0x000021e4   0x00000048   Code   RO          749    i.ST7735_DrawPixel  st7735.o
    0x0000222c   0x00000056   Code   RO          750    i.ST7735_DrawString  st7735.o
    0x00002282   0x00000002   PAD
    0x00002284   0x000000ac   Code   RO          751    i.ST7735_FillRect   st7735.o
    0x00002330   0x00000024   Code   RO          752    i.ST7735_FillScreen  st7735.o
    0x00002354   0x0000007c   Code   RO          754    i.ST7735_InitR      st7735.o
    0x000023d0   0x00000024   Code   RO          755    i.ST7735_InitScreens  st7735.o
    0x000023f4   0x00000044   Code   RO          757    i.ST7735_Message    st7735.o
    0x00002438   0x000000d4   Code   RO          758    i.ST7735_OutChar    st7735.o
    0x0000250c   0x00000018   Code   RO          759    i.ST7735_OutString  st7735.o
    0x00002524   0x0000008c   Code   RO          760    i.ST7735_OutUDec    st7735.o
    0x000025b0   0x00000020   Code   RO          769    i.ST7735_SetCursor  st7735.o
    0x000025d0   0x00000030   Code   RO          252    i.SW1Push           lab2.o
    0x00002600   0x00000078   Code   RO           42    i.Scheduler         os.o
    0x00002678   0x00000150   Code   RO           43    i.SetInitialStack   os.o
    0x000027c8   0x00000002   Code   RO          649    i.T4_Commands       interpreter.o
    0x000027ca   0x00000002   PAD
    0x000027cc   0x0000000c   Code   RO         1084    i.Timer0A_GetSystemTime  timer0a.o
    0x000027d8   0x0000001c   Code   RO         1085    i.Timer0A_Handler   timer0a.o
    0x000027f4   0x0000006c   Code   RO         1086    i.Timer0A_Init      timer0a.o
    0x00002860   0x00000028   Code   RO          475    i.Timer4A_Handler   timer4a.o
    0x00002888   0x000000a4   Code   RO          476    i.Timer4A_Init      timer4a.o
    0x0000292c   0x0000000c   Code   RO          477    i.Timer4A_ResetCount  timer4a.o
    0x00002938   0x0000000c   Code   RO          478    i.Timer4A_ReturnCount  timer4a.o
    0x00002944   0x0000003c   Code   RO          518    i.TxFifo_Get        uart.o
    0x00002980   0x00000024   Code   RO          519    i.TxFifo_Init       uart.o
    0x000029a4   0x0000003c   Code   RO          520    i.TxFifo_Put        uart.o
    0x000029e0   0x00000018   Code   RO          521    i.TxFifo_Size       uart.o
    0x000029f8   0x00000058   Code   RO          522    i.UART0_Handler     uart.o
    0x00002a50   0x00000014   Code   RO          523    i.UART_InChar       uart.o
    0x00002a64   0x00000046   Code   RO          524    i.UART_InString     uart.o
    0x00002aaa   0x00000002   PAD
    0x00002aac   0x000000c8   Code   RO          527    i.UART_Init         uart.o
    0x00002b74   0x00000034   Code   RO          528    i.UART_OutChar      uart.o
    0x00002ba8   0x00000018   Code   RO          529    i.UART_OutString    uart.o
    0x00002bc0   0x0000002a   Code   RO          530    i.UART_OutUDec      uart.o
    0x00002bea   0x00000056   Code   RO          774    i.commandList       st7735.o
    0x00002c40   0x00000178   Code   RO          775    i.commonInit        st7735.o
    0x00002db8   0x00000024   Code   RO          696    i.convToInt         numin.o
    0x00002ddc   0x00000028   Code   RO          532    i.copyHardwareToSoftware  uart.o
    0x00002e04   0x0000002c   Code   RO          533    i.copySoftwareToHardware  uart.o
    0x00002e30   0x00000048   Code   RO          778    i.fillmessage       st7735.o
    0x00002e78   0x000000b0   Code   RO          268    i.main              lab2.o
    0x00002f28   0x00000012   Code   RO          780    i.pushColor         st7735.o
    0x00002f3a   0x00000002   PAD
    0x00002f3c   0x00000074   Code   RO          781    i.setAddrWindow     st7735.o
    0x00002fb0   0x00000030   Code   RO          782    i.writecommand      st7735.o
    0x00002fe0   0x00000020   Code   RO          783    i.writedata         st7735.o
    0x00003000   0x0000002c   Code   RO         1184    locale$$code        c_w.l(lc_ctype_c.o)
    0x0000302c   0x000002b0   Code   RO         1124    x$fpl$ddiv          fz_ws.l(ddiv.o)
    0x000032dc   0x0000005a   Code   RO         1127    x$fpl$dfixu         fz_ws.l(dfixu.o)
    0x00003336   0x00000026   Code   RO         1131    x$fpl$dfltu         fz_ws.l(dflt_clz.o)
    0x0000335c   0x00000154   Code   RO         1137    x$fpl$dmul          fz_ws.l(dmul.o)
    0x000034b0   0x0000009c   Code   RO         1147    x$fpl$dnaninf       fz_ws.l(dnaninf.o)
    0x0000354c   0x0000000c   Code   RO         1149    x$fpl$dretinf       fz_ws.l(dretinf.o)
    0x00003558   0x00000000   Code   RO         1151    x$fpl$usenofp       fz_ws.l(usenofp.o)
    0x00003558   0x000007e2   Data   RO          785    .constdata          st7735.o
    0x00003d3a   0x00000002   PAD
    0x00003d3c   0x00000020   Data   RO         1317    Region$$Table       anon$$obj.o
    0x00003d5c   0x00000110   Data   RO         1183    locale$$data        c_w.l(lc_ctype_c.o)


    Execution Region ER_RW (Base: 0x20000000, Size: 0x00000130, Max: 0xffffffff, ABSOLUTE, COMPRESSED[0x00000034])

    Base Addr    Size         Type   Attr      Idx    E Section Name        Object

    0x20000000   0x0000003c   Data   RW           45    .data               os.o
    0x2000003c   0x0000006c   Data   RW          275    .data               lab2.o
    0x200000a8   0x00000008   Data   RW          480    .data               timer4a.o
    0x200000b0   0x00000010   Data   RW          535    .data               uart.o
    0x200000c0   0x00000024   Data   RW          651    .data               interpreter.o
    0x200000e4   0x00000010   Data   RW          697    .data               numin.o
    0x200000f4   0x00000030   Data   RW          786    .data               st7735.o
    0x20000124   0x00000008   Data   RW         1039    .data               adc.o
    0x2000012c   0x00000004   Data   RW         1087    .data               timer0a.o


    Execution Region ER_ZI (Base: 0x20000130, Size: 0x00002a28, Max: 0xffffffff, ABSOLUTE)

    Base Addr    Size         Type   Attr      Idx    E Section Name        Object

    0x20000130   0x00002254   Zero   RW           44    .bss                os.o
    0x20002384   0x00000330   Zero   RW          273    .bss                lab2.o
    0x200026b4   0x00000020   Zero   RW          534    .bss                uart.o
    0x200026d4   0x00000014   Zero   RW          650    .bss                interpreter.o
    0x200026e8   0x0000000c   Zero   RW          784    .bss                st7735.o
    0x200026f4   0x00000060   Zero   RW         1153    .bss                c_w.l(libspace.o)
    0x20002754   0x00000004   PAD
    0x20002758   0x00000000   Zero   RW            2    HEAP                startup.o
    0x20002758   0x00000400   Zero   RW            1    STACK               startup.o


==============================================================================

Image component sizes


      Code (inc. data)   RO Data    RW Data    ZI Data      Debug   Object Name

      2216        172          0          8          0       4293   adc.o
       718        240          0          0          0        288   cr4_fft_64_stm32.o
       428         88          0         36         20       3618   interpreter.o
      1360        292          0        108        816       8378   lab2.o
       240         62          0         16          0       3389   numin.o
      1962        254          0         60       8788      21001   os.o
        84          6          0          0          0        256   osasm.o
        72          8          0          0          0        252   pid_stm32.o
       124          6          0          0          0        431   pll.o
      2026        228       2018         48         12      14735   st7735.o
       692        632          0          0       1024       1004   startup.o
       148         34          0          4          0       1679   timer0a.o
       228         58          0          8          0       2622   timer4a.o
       940        140          0         16         32       9331   uart.o

    ----------------------------------------------------------------------
     11256       2222       2052        304      10692      71277   Object Totals
         0          0         32          0          0          0   (incl. Generated)
        18          2          2          0          0          0   (incl. Padding)

    ----------------------------------------------------------------------

      Code (inc. data)   RO Data    RW Data    ZI Data      Debug   Library Member Name

        58          0          0          0          0          0   __dczerorl.o
         8          0          0          0          0         68   __main.o
        52          8          0          0          0          0   __scatter.o
        28          0          0          0          0          0   __scatter_zi.o
        28          0          0          0          0         68   _chval.o
       158          0          0          0          0         92   _strtoul.o
        26          0          0          0          0         80   atoi.o
        12          0          0          0          0         72   exit.o
         6          0          0          0          0        152   heapauxi.o
         0          0          0          0          0          0   indicate_semi.o
        44         10        272          0          0         76   lc_ctype_c.o
         2          0          0          0          0          0   libinit.o
        20          0          0          0          0          0   libinit2.o
         2          0          0          0          0          0   libshutdown.o
         2          0          0          0          0          0   libshutdown2.o
         8          4          0          0         96         68   libspace.o
        16          4          0          0          0         76   rt_ctype_table.o
         8          4          0          0          0         68   rt_errno_addr_intlibspace.o
         8          4          0          0          0         68   rt_locale_intlibspace.o
        78          0          0          0          0         80   rt_memclr_w.o
         0          0          0          0          0          0   rtentry.o
        12          0          0          0          0          0   rtentry2.o
         6          0          0          0          0          0   rtentry4.o
         2          0          0          0          0          0   rtexit.o
        10          0          0          0          0          0   rtexit2.o
       128          0          0          0          0         68   strcmpv7m.o
       150          0          0          0          0         80   strncmp.o
       112          0          0          0          0         88   strtol.o
        12          4          0          0          0         68   sys_exit.o
        74          0          0          0          0         80   sys_stackheap_outer.o
         2          0          0          0          0         68   use_no_semi.o
       688        140          0          0          0        208   ddiv.o
        90          4          0          0          0         92   dfixu.o
        38          0          0          0          0         68   dflt_clz.o
       340         12          0          0          0        104   dmul.o
       156          4          0          0          0         92   dnaninf.o
        12          0          0          0          0         68   dretinf.o
         0          0          0          0          0          0   usenofp.o

    ----------------------------------------------------------------------
      2400        198        272          0        100       2052   Library Totals
         4          0          0          0          4          0   (incl. Padding)

    ----------------------------------------------------------------------

      Code (inc. data)   RO Data    RW Data    ZI Data      Debug   Library Name

      1072         38        272          0         96       1420   c_w.l
      1324        160          0          0          0        632   fz_ws.l

    ----------------------------------------------------------------------
      2400        198        272          0        100       2052   Library Totals

    ----------------------------------------------------------------------

==============================================================================


      Code (inc. data)   RO Data    RW Data    ZI Data      Debug   

     13656       2420       2324        304      10792      67089   Grand Totals
     13656       2420       2324         52      10792      67089   ELF Image Totals (compressed)
     13656       2420       2324         52          0          0   ROM Totals

==============================================================================

    Total RO  Size (Code + RO Data)                15980 (  15.61kB)
    Total RW  Size (RW Data + ZI Data)             11096 (  10.84kB)
    Total ROM Size (Code + RO Data + RW Data)      16032 (  15.66kB)

==============================================================================

